ets Jul 29 2019 12:21:46

rst:0x1 (POWERON_RESET),boot:0x13 (SPI_FAST_FLASH_BOOT)
configsip: 0, SPIWP:0xee
clk_drv:0x00,q_drv:0x00,d_drv:0x00,cs0_drv:0x00,hd_drv:0x00,wp_drv:0x00
mode:DIO, clock div:2
load:0x3fff0030,len:7140
load:0x40078000,len:15780
load:0x40080400,len:4
ho 8 tail 4 room 4
load:0x40080404,len:3884
entry 0x40080650
[0;32mI (31) boot: ESP-IDF v5.2-dev-3065-g272b4091f1 2nd stage bootloader[0m
[0;32mI (31) boot: compile time Mar 19 2024 19:47:19[0m
[0;32mI (33) boot: Multicore bootloader[0m
[0;32mI (37) boot: chip revision: v3.1[0m
[0;32mI (41) boot.esp32: SPI Speed      : 40MHz[0m
[0;32mI (45) boot.esp32: SPI Mode       : DIO[0m
[0;32mI (50) boot.esp32: SPI Flash Size : 8MB[0m
[0;32mI (54) boot: Enabling RNG early entropy source...[0m
[0;32mI (60) boot: Partition Table:[0m
[0;32mI (63) boot: ## Label            Usage          Type ST Offset   Length[0m
[0;32mI (71) boot:  0 nvs              WiFi data        01 02 00009000 00006000[0m
[0;32mI (78) boot:  1 phy_init         RF data          01 01 0000f000 00001000[0m
[0;32mI (86) boot:  2 factory          factory app      00 00 00010000 00177000[0m
[0;32mI (93) boot: End of partition table[0m
[0;32mI (97) esp_image: segment 0: paddr=00010020 vaddr=3f400020 size=3a024h (237604) map[0m
[0;32mI (155) esp_image: segment 1: paddr=0004a04c vaddr=3ff80063 size=00008h (     8) load[0m
[0;32mI (155) esp_image: segment 2: paddr=0004a05c vaddr=3ffb0000 size=0486ch ( 18540) load[0m
[0;32mI (165) esp_image: segment 3: paddr=0004e8d0 vaddr=40080000 size=01748h (  5960) load[0m
[0;32mI (171) esp_image: segment 4: paddr=00050020 vaddr=400d0020 size=ace58h (708184) map[0m
[0;32mI (323) esp_image: segment 5: paddr=000fce80 vaddr=40081748 size=16528h ( 91432) load[0m
[0;32mI (347) esp_image: segment 6: paddr=001133b0 vaddr=400c0000 size=00064h (   100) load[0m
[0;32mI (360) boot: Loaded app from partition at offset 0x10000[0m
[0;32mI (360) boot: Disabling RNG early entropy source...[0m
[0;32mI (371) cpu_start: Multicore app[0m
[0;32mI (372) cpu_start: Pro cpu up.[0m
[0;32mI (372) cpu_start: Starting app cpu, entry point is 0x40081460[0m
[0;32mI (0) cpu_start: App cpu up.[0m
[0;32mI (390) cpu_start: Pro cpu start user code[0m
[0;32mI (390) cpu_start: cpu freq: 160000000 Hz[0m
[0;32mI (390) cpu_start: Application information:[0m
[0;32mI (394) cpu_start: Project name:     low-power-dashboard[0m
[0;32mI (400) cpu_start: App version:      a8b787d-dirty[0m
[0;32mI (406) cpu_start: Compile time:     Mar 19 2024 19:47:19[0m
[0;32mI (412) cpu_start: ELF file SHA256:  a65692c1a...[0m
[0;32mI (417) cpu_start: ESP-IDF:          v5.2-dev-3065-g272b4091f1[0m
[0;32mI (424) cpu_start: Min chip rev:     v0.0[0m
[0;32mI (429) cpu_start: Max chip rev:     v3.99 [0m
[0;32mI (433) cpu_start: Chip rev:         v3.1[0m
[0;32mI (438) heap_init: Initializing. RAM available for dynamic allocation:[0m
[0;32mI (446) heap_init: At 3FFAE6E0 len 00001920 (6 KiB): DRAM[0m
[0;32mI (451) heap_init: At 3FFB9650 len 000269B0 (154 KiB): DRAM[0m
[0;32mI (458) heap_init: At 3FFE0440 len 00003AE0 (14 KiB): D/IRAM[0m
[0;32mI (464) heap_init: At 3FFE4350 len 0001BCB0 (111 KiB): D/IRAM[0m
[0;32mI (470) heap_init: At 40097C70 len 00008390 (32 KiB): IRAM[0m
[0;32mI (478) spi_flash: detected chip: gd[0m
[0;32mI (481) spi_flash: flash io: dio[0m
[0;33mW (485) ADC: legacy driver is deprecated, please migrate to `esp_adc/adc_oneshot.h`[0m
[0;32mI (494) app_start: Starting scheduler on CPU0[0m
[0;32mI (498) app_start: Starting scheduler on CPU1[0m
[0;32mI (498) main_task: Started on CPU0[0m
[0;32mI (508) main_task: Calling app_main()[0m
Ini NVS: 0
Load data: 0
WIFI SSID:Galaxy
 PASS:123456789 TIME:10
Not a deep sleep reset
ESP_WIFI_MODE_STA
I (588) wifi:wifi driver task: 3ffc4df8, prio:23, stack:6656, core=0
I (608) wifi:wifi firmware version: cb43ccc
I (608) wifi:wifi certification version: v7.0
I (608) wifi:config NVS flash: enabled
I (608) wifi:config nano formating: disabled
I (618) wifi:Init data frame dynamic rx buffer num: 32
I (618) wifi:Init static rx mgmt buffer num: 5
I (628) wifi:Init management short buffer num: 32
I (628) wifi:Init dynamic tx buffer num: 32
I (628) wifi:Init static rx buffer size: 1600
I (638) wifi:Init static rx buffer num: 10
I (638) wifi:Init dynamic rx buffer num: 32
[0;32mI (648) wifi_init: rx ba win: 6[0m
[0;32mI (648) wifi_init: tcpip mbox: 32[0m
[0;32mI (648) wifi_init: udp mbox: 6[0m
[0;32mI (658) wifi_init: tcp mbox: 6[0m
[0;32mI (658) wifi_init: tcp tx win: 5744[0m
[0;32mI (668) wifi_init: tcp rx win: 5744[0m
[0;32mI (668) wifi_init: tcp mss: 1440[0m
[0;32mI (668) wifi_init: WiFi IRAM OP enabled[0m
[0;32mI (678) wifi_init: WiFi RX IRAM OP enabled[0m
[0;32mI (688) phy_init: phy_version 4771,450c73b,Aug 16 2023,11:03:10[0m
I (768) wifi:mode : sta (d4:8a:fc:9a:2e:90)
I (768) wifi:enable tsf
[0;32mI (768) wifi station: wifi_init_sta finished.[0m
I (788) wifi:new:<11,0>, old:<1,0>, ap:<255,255>, sta:<11,0>, prof:1
I (788) wifi:state: init -> auth (b0)
I (788) wifi:state: auth -> init (1c0)
I (788) wifi:new:<11,0>, old:<11,0>, ap:<255,255>, sta:<11,0>, prof:1
[0;32mI (798) wifi station: retry to connect to the AP[0m
[0;32mI (798) wifi station: connect to the AP fail[0m
[0;32mI (3208) wifi station: retry to connect to the AP[0m
[0;32mI (3208) wifi station: connect to the AP fail[0m
I (3218) wifi:new:<11,0>, old:<11,0>, ap:<255,255>, sta:<11,0>, prof:1
I (3218) wifi:state: init -> auth (b0)
I (3228) wifi:state: auth -> assoc (0)
I (3238) wifi:state: assoc -> run (10)
I (3268) wifi:connected with Galaxy, aid = 16, channel 11, BW20, bssid = 96:33:67:ac:1c:a6
I (3268) wifi:security: WPA2-PSK, phy: bgn, rssi: -19
I (3278) wifi:pm start, type: 1

I (3308) wifi:AP's beacon interval = 102400 us, DTIM period = 2
[0;32mI (4278) esp_netif_handlers: sta ip: 192.168.110.178, mask: 255.255.255.0, gw: 192.168.110.90[0m
[0;32mI (4278) wifi station: got ip:192.168.110.178[0m
[0;32mI (4278) wifi station: connected to ap SSID:Galaxy password:123456789[0m
grant_type=client_credentials&client_id=7q7eo84rddr67i3a6mjf7t9cr&client_secret=qs77l0qstbhra2eod12p4afmrhec250pk3s9hmio87duku5mqf1
I (4428) wifi:<ba-add>idx:0 (ifx:0, 96:33:67:ac:1c:a6), tid:0, ssn:3, winSize:64

***ERROR*** A stack overflow in task main has been detected.


Backtrace: 0x40081a76:0x3ffba900 0x4008aef1:0x3ffba920 0x4008de3a:0x3ffba940 0x4008c427:0x3ffba9c0 0x4008df44:0x3ffba9e0 0x4008def6:0xa5a5a5a5 |<-CORRUPTED




ELF file SHA256: a65692c1a

Rebooting...
ets Jul 29 2019 12:21:46

rst:0xc (SW_CPU_RESET),boot:0x13 (SPI_FAST_FLASH_BOOT)
configsip: 0, SPIWP:0xee
clk_drv:0x00,q_drv:0x00,d_drv:0x00,cs0_drv:0x00,hd_drv:0x00,wp_drv:0x00
mode:DIO, clock div:2
load:0x3fff0030,len:7140
load:0x40078000,len:15780
load:0x40080400,len:4
ho 8 tail 4 room 4
load:0x40080404,len:3884
entry 0x40080650
[0;32mI (31) boot: ESP-IDF v5.2-dev-3065-g272b4091f1 2nd stage bootloader[0m
[0;32mI (31) boot: compile time Mar 19 2024 19:47:19[0m
[0;32mI (33) boot: Multicore bootloader[0m
[0;32mI (37) boot: chip revision: v3.1[0m
[0;32mI (41) boot.esp32: SPI Speed      : 40MHz[0m
[0;32mI (45) boot.esp32: SPI Mode       : DIO[0m
[0;32mI (50) boot.esp32: SPI Flash Size : 8MB[0m
[0;32mI (54) boot: Enabling RNG early entropy source...[0m
[0;32mI (60) boot: Partition Table:[0m
[0;32mI (63) boot: ## Label            Usage          Type ST Offset   Length[0m
[0;32mI (71) boot:  0 nvs              WiFi data        01 02 00009000 00006000[0m
[0;32mI (78) boot:  1 phy_init         RF data          01 01 0000f000 00001000[0m
[0;32mI (86) boot:  2 factory          factory app      00 00 00010000 00177000[0m
[0;32mI (93) boot: End of partition table[0m
[0;32mI (97) esp_image: segment 0: paddr=00010020 vaddr=3f400020 size=3a024h (237604) map[0m
[0;32mI (155) esp_image: segment 1: paddr=0004a04c vaddr=3ff80063 size=00008h (     8) load[0m
[0;32mI (155) esp_image: segment 2: paddr=0004a05c vaddr=3ffb0000 size=0486ch ( 18540) load[0m
[0;32mI (165) esp_image: segment 3: paddr=0004e8d0 vaddr=40080000 size=01748h (  5960) load[0m
[0;32mI (171) esp_image: segment 4: paddr=00050020 vaddr=400d0020 size=ace58h (708184) map[0m
[0;32mI (323) esp_image: segment 5: paddr=000fce80 vaddr=40081748 size=16528h ( 91432) load[0m
[0;32mI (347) esp_image: segment 6: paddr=001133b0 vaddr=400c0000 size=00064h (   100) load[0m
[0;32mI (360) boot: Loaded app from partition at offset 0x10000[0m
[0;32mI (360) boot: Disabling RNG early entropy source...[0m
[0;32mI (371) cpu_start: Multicore app[0m
[0;32mI (372) cpu_start: Pro cpu up.[0m
[0;32mI (372) cpu_start: Starting app cpu, entry point is 0x40081460[0m
[0;32mI (359) cpu_start: App cpu up.[0m
[0;32mI (390) cpu_start: Pro cpu start user code[0m
[0;32mI (390) cpu_start: cpu freq: 160000000 Hz[0m
[0;32mI (390) cpu_start: Application information:[0m
[0;32mI (395) cpu_start: Project name:     low-power-dashboard[0m
[0;32mI (401) cpu_start: App version:      a8b787d-dirty[0m
[0;32mI (406) cpu_start: Compile time:     Mar 19 2024 19:47:19[0m
[0;32mI (412) cpu_start: ELF file SHA256:  a65692c1a...[0m
[0;32mI (417) cpu_start: ESP-IDF:          v5.2-dev-3065-g272b4091f1[0m
[0;32mI (424) cpu_start: Min chip rev:     v0.0[0m
[0;32mI (429) cpu_start: Max chip rev:     v3.99 [0m
[0;32mI (434) cpu_start: Chip rev:         v3.1[0m
[0;32mI (438) heap_init: Initializing. RAM available for dynamic allocation:[0m
[0;32mI (446) heap_init: At 3FFAE6E0 len 00001920 (6 KiB): DRAM[0m
[0;32mI (452) heap_init: At 3FFB9650 len 000269B0 (154 KiB): DRAM[0m
[0;32mI (458) heap_init: At 3FFE0440 len 00003AE0 (14 KiB): D/IRAM[0m
[0;32mI (464) heap_init: At 3FFE4350 len 0001BCB0 (111 KiB): D/IRAM[0m
[0;32mI (471) heap_init: At 40097C70 len 00008390 (32 KiB): IRAM[0m
[0;32mI (478) spi_flash: detected chip: gd[0m
[0;32mI (481) spi_flash: flash io: dio[0m
[0;33mW (485) ADC: legacy driver is deprecated, please migrate to `esp_adc/adc_oneshot.h`[0m
[0;32mI (494) app_start: Starting scheduler on CPU0[0m
[0;32mI (498) app_start: Starting scheduler on CPU1[0m
[0;32mI (498) main_task: Started on CPU0[0m
[0;32mI (508) main_task: Calling app_main()[0m
Ini NVS: 0
Load data: 0
WIFI SSID:Galaxy
 PASS:123456789 TIME:10
Not a deep sleep reset
ESP_WIFI_MODE_STA
I (588) wifi:wifi driver task: 3ffc4df8, prio:23, stack:6656, core=0
I (608) wifi:wifi firmware version: cb43ccc
I (608) wifi:wifi certification version: v7.0
I (608) wifi:config NVS flash: enabled
I (608) wifi:config nano formating: disabled
I (618) wifi:Init data frame dynamic rx buffer num: 32
I (618) wifi:Init static rx mgmt buffer num: 5
I (628) wifi:Init management short buffer num: 32
I (628) wifi:Init dynamic tx buffer num: 32
I (628) wifi:Init static rx buffer size: 1600
I (638) wifi:Init static rx buffer num: 10
I (638) wifi:Init dynamic rx buffer num: 32
[0;32mI (648) wifi_init: rx ba win: 6[0m
[0;32mI (648) wifi_init: tcpip mbox: 32[0m
[0;32mI (648) wifi_init: udp mbox: 6[0m
[0;32mI (658) wifi_init: tcp mbox: 6[0m
[0;32mI (658) wifi_init: tcp tx win: 5744[0m
[0;32mI (668) wifi_init: tcp rx win: 5744[0m
[0;32mI (668) wifi_init: tcp mss: 1440[0m
[0;32mI (668) wifi_init: WiFi IRAM OP enabled[0m
[0;32mI (678) wifi_init: WiFi RX IRAM OP enabled[0m
[0;32mI (688) phy_init: phy_version 4771,450c73b,Aug 16 2023,11:03:10[0m
I (768) wifi:mode : sta (d4:8a:fc:9a:2e:90)
I (768) wifi:enable tsf
[0;32mI (778) wifi station: wifi_init_sta finished.[0m
I (798) wifi:new:<11,0>, old:<1,0>, ap:<255,255>, sta:<11,0>, prof:1
I (808) wifi:state: init -> auth (b0)
I (808) wifi:state: auth -> init (1c0)
I (808) wifi:new:<11,0>, old:<11,0>, ap:<255,255>, sta:<11,0>, prof:1
[0;32mI (818) wifi station: retry to connect to the AP[0m
[0;32mI (818) wifi station: connect to the AP fail[0m
[0;32mI (3228) wifi station: retry to connect to the AP[0m
[0;32mI (3228) wifi station: connect to the AP fail[0m
I (3238) wifi:new:<11,0>, old:<11,0>, ap:<255,255>, sta:<11,0>, prof:1
I (3238) wifi:state: init -> auth (b0)
I (3248) wifi:state: auth -> assoc (0)
I (3258) wifi:state: assoc -> run (10)
I (3298) wifi:connected with Galaxy, aid = 17, channel 11, BW20, bssid = 96:33:67:ac:1c:a6
I (3298) wifi:security: WPA2-PSK, phy: bgn, rssi: -19
I (3308) wifi:pm start, type: 1

I (3358) wifi:AP's beacon interval = 102400 us, DTIM period = 2
[0;32mI (4308) esp_netif_handlers: sta ip: 192.168.110.178, mask: 255.255.255.0, gw: 192.168.110.90[0m
[0;32mI (4308) wifi station: got ip:192.168.110.178[0m
[0;32mI (4308) wifi station: connected to ap SSID:Galaxy password:123456789[0m
grant_type=client_credentials&client_id=7q7eo84rddr67i3a6mjf7t9cr&client_secret=qs77l0qstbhra2eod12p4afmrhec250pk3s9hmio87duku5mqf1
I (4338) wifi:<ba-add>idx:0 (ifx:0, 96:33:67:ac:1c:a6), tid:0, ssn:3, winSize:64
[0;32mI (4908) esp-x509-crt-bundle: Certificate validated[0m
HTTP_EVENT_ON_DATA-kompletni-data
Prijata data: {"access_token":"eyJraWQiOiJpNk13blRmZXhFYW5TOThLTlZDVzdTNlJ4XC9ZTnVYaEIwTUswSUs0VEZ3VT0iLCJhbGciOiJSUzI1NiJ9.eyJzdWIiOiI3cTdlbzg0cmRkcjY3aTNhNm1qZjd0OWNyIiwidG9rZW5fdXNlIjoiYWNjZXNzIiwic2NvcGUiOiJpdGVtcC5sb2dpbWljLm9ubGluZVwvYXBpLmFsbCIsImF1dGhfdGltZSI6MTcxMDg3NTA4NSwiaXNzIjoiaHR0cHM6XC9cL2NvZ25pdG8taWRwLnVzLWVhc3QtMS5hbWF6b25hd3MuY29tXC91cy1lYXN0LTFfYTFscWZ2WDdtIiwiZXhwIjoxNzEwOTYxNDg1LCJpYXQiOjE3MTA4NzUwODUsInZlcnNpb24iOjIsImp0aSI6IjlhMGZmNDE5LWY2YjItNDQ1Yy05N2Y5LWQ1MjhjMzRiMTRkNyIsImNsaWVudF9pZCI6IjdxN2VvODRyZGRyNjdpM2E2bWpmN3Q5Y3IifQ.hTnaW9Pfnl5c4GDCwC0v6lpcq_kq6B04a8n1pJF71vBgdRs3MabiHudihbeqlZu0-RQ1qaiCp2JLGN41gnSpZvBy-1CePkbncOehFRzqLhe3k-KxMnASdwBtNTko2Aj5ITA0o78J4bBIXLXHLb3QEYHle-GK72stBG_pIhjgUsRGdm1hcCCGrpmpFMslpBPdNko7i9Er8PawKHmLO6GrmbUeIC51hyBZGNIBMjSx5hUvwVFRKOzUZfej8Ox_jIEc91E6c6XC7h8HGzv6R1W6pN8TtCxdSWZSRDR4Pa3p9tvSpLnnehzoHL5_-vfl1ns4yt3y0v21oKvwNF86Vv5KPw","expires_in":86400,"token_type":"Bearer"}
parse: {"access_token":"eyJraWQiOiJpNk13blRmZXhFYW5TOThLTlZDVzdTNlJ4XC9ZTnVYaEIwTUswSUs0VEZ3VT0iLCJhbGciOiJSUzI1NiJ9.eyJzdWIiOiI3cTdlbzg0cmRkcjY3aTNhNm1qZjd0OWNyIiwidG9rZW5fdXNlIjoiYWNjZXNzIiwic2NvcGUiOiJpdGVtcC5sb2dpbWljLm9ubGluZVwvYXBpLmFsbCIsImF1dGhfdGltZSI6MTcxMDg3NTA4NSwiaXNzIjoiaHR0cHM6XC9cL2NvZ25pdG8taWRwLnVzLWVhc3QtMS5hbWF6b25hd3MuY29tXC91cy1lYXN0LTFfYTFscWZ2WDdtIiwiZXhwIjoxNzEwOTYxNDg1LCJpYXQiOjE3MTA4NzUwODUsInZlcnNpb24iOjIsImp0aSI6IjlhMGZmNDE5LWY2YjItNDQ1Yy05N2Y5LWQ1MjhjMzRiMTRkNyIsImNsaWVudF9pZCI6IjdxN2VvODRyZGRyNjdpM2E2bWpmN3Q5Y3IifQ.hTnaW9Pfnl5c4GDCwC0v6lpcq_kq6B04a8n1pJF71vBgdRs3MabiHudihbeqlZu0-RQ1qaiCp2JLGN41gnSpZvBy-1CePkbncOehFRzqLhe3k-KxMnASdwBtNTko2Aj5ITA0o78J4bBIXLXHLb3QEYHle-GK72stBG_pIhjgUsRGdm1hcCCGrpmpFMslpBPdNko7i9Er8PawKHmLO6GrmbUeIC51hyBZGNIBMjSx5hUvwVFRKOzUZfej8Ox_jIEc91E6c6XC7h8HGzv6R1W6pN8TtCxdSWZSRDR4Pa3p9tvSpLnnehzoHL5_-vfl1ns4yt3y0v21oKvwNF86Vv5KPw"
parse: "expires_in":86400
parse: "token_type":"Bearer"}ï¿½ï¿½ï¿½ï¿½[ï¿½ï¿½<+ï¿½Lï¿½:sï¿½`/ï¿½ï¿½BWï¿½	1)ï¿½
):ï¿½ï¿½ï¿½Mï¿½ï¿½ï¿½4@FG"ï¿½Eaï¿½ï¿½ï¿½:$ï¿½ï¿½ï¿½
parse: e{ï¿½ï¿½lï¿½lRï¿½lï¿½Jï¿½ï¿½ï¿½9sï¿½ï¿½ï¿½~ï¿½xï¿½ï¿½1ï¿½@Q