ets Jul 29 2019 12:21:46

rst:0x1 (POWERON_RESET),boot:0x13 (SPI_FAST_FLASH_BOOT)
configsip: 0, SPIWP:0xee
clk_drv:0x00,q_drv:0x00,d_drv:0x00,cs0_drv:0x00,hd_drv:0x00,wp_drv:0x00
mode:DIO, clock div:2
load:0x3fff0030,len:7140
load:0x40078000,len:15780
load:0x40080400,len:4
ho 8 tail 4 room 4
load:0x40080404,len:3884
entry 0x40080650
[0;32mI (31) boot: ESP-IDF v5.2-dev-3065-g272b4091f1 2nd stage bootloader[0m
[0;32mI (31) boot: compile time Oct  4 2023 21:11:25[0m
[0;32mI (33) boot: Multicore bootloader[0m
[0;32mI (37) boot: chip revision: v3.1[0m
[0;32mI (41) boot.esp32: SPI Speed      : 40MHz[0m
[0;32mI (45) boot.esp32: SPI Mode       : DIO[0m
[0;32mI (50) boot.esp32: SPI Flash Size : 2MB[0m
[0;32mI (54) boot: Enabling RNG early entropy source...[0m
[0;32mI (60) boot: Partition Table:[0m
[0;32mI (63) boot: ## Label            Usage          Type ST Offset   Length[0m
[0;32mI (71) boot:  0 nvs              WiFi data        01 02 00009000 00006000[0m
[0;32mI (78) boot:  1 phy_init         RF data          01 01 0000f000 00001000[0m
[0;32mI (86) boot:  2 factory          factory app      00 00 00010000 00100000[0m
[0;32mI (93) boot: End of partition table[0m
[0;32mI (97) esp_image: segment 0: paddr=00010020 vaddr=3f400020 size=0b7f0h ( 47088) map[0m
[0;32mI (123) esp_image: segment 1: paddr=0001b818 vaddr=3ff80063 size=00008h (     8) load[0m
[0;32mI (123) esp_image: segment 2: paddr=0001b828 vaddr=3ffb0000 size=02228h (  8744) load[0m
[0;32mI (132) esp_image: segment 3: paddr=0001da58 vaddr=40080000 size=025c0h (  9664) load[0m
[0;32mI (141) esp_image: segment 4: paddr=00020020 vaddr=400d0020 size=19fcch (106444) map[0m
[0;32mI (184) esp_image: segment 5: paddr=00039ff4 vaddr=400825c0 size=0b320h ( 45856) load[0m
[0;32mI (203) esp_image: segment 6: paddr=0004531c vaddr=400c0000 size=00064h (   100) load[0m
[0;32mI (204) esp_image: segment 7: paddr=00045388 vaddr=50000000 size=00010h (    16) load[0m
[0;32mI (216) boot: Loaded app from partition at offset 0x10000[0m
[0;32mI (216) boot: Disabling RNG early entropy source...[0m
[0;32mI (232) cpu_start: Multicore app[0m
[0;32mI (232) cpu_start: Pro cpu up.[0m
[0;32mI (232) cpu_start: Starting app cpu, entry point is 0x400811c4[0m
[0;32mI (0) cpu_start: App cpu up.[0m
[0;32mI (250) cpu_start: Pro cpu start user code[0m
[0;32mI (250) cpu_start: cpu freq: 160000000 Hz[0m
[0;32mI (250) cpu_start: Application information:[0m
[0;32mI (255) cpu_start: Project name:     low-power-dashboard[0m
[0;32mI (261) cpu_start: App version:      b1c41bd-dirty[0m
[0;32mI (266) cpu_start: Compile time:     Jan 10 2024 17:59:23[0m
[0;32mI (273) cpu_start: ELF file SHA256:  2ffae2d43...[0m
[0;32mI (278) cpu_start: ESP-IDF:          v5.2-dev-3065-g272b4091f1[0m
[0;32mI (284) cpu_start: Min chip rev:     v0.0[0m
[0;32mI (289) cpu_start: Max chip rev:     v3.99 [0m
[0;32mI (294) cpu_start: Chip rev:         v3.1[0m
[0;32mI (299) heap_init: Initializing. RAM available for dynamic allocation:[0m
[0;32mI (306) heap_init: At 3FFAE6E0 len 00001920 (6 KiB): DRAM[0m
[0;32mI (312) heap_init: At 3FFB2CB0 len 0002D350 (180 KiB): DRAM[0m
[0;32mI (318) heap_init: At 3FFE0440 len 00003AE0 (14 KiB): D/IRAM[0m
[0;32mI (325) heap_init: At 3FFE4350 len 0001BCB0 (111 KiB): D/IRAM[0m
[0;32mI (331) heap_init: At 4008D8E0 len 00012720 (73 KiB): IRAM[0m
[0;32mI (339) spi_flash: detected chip: gd[0m
[0;32mI (341) spi_flash: flash io: dio[0m
[0;33mW (345) spi_flash: Detected size(8192k) larger than the size in the binary image header(2048k). Using the size in the binary image header.[0m
[0;33mW (359) ADC: legacy driver is deprecated, please migrate to `esp_adc/adc_oneshot.h`[0m
[0;32mI (367) app_start: Starting scheduler on CPU0[0m
[0;32mI (372) app_start: Starting scheduler on CPU1[0m
[0;32mI (372) main_task: Started on CPU0[0m
[0;32mI (382) main_task: Calling app_main()[0m
Ini NVS: 0
Load data: 0
WIFI SSID:ssid
 PASS:pass TIME:10
Save to NVS: 0
Enabling timer wakeup, 10s
Enabling EXT1 wakeup on pins GPIO33
Entering deep sleep
ets Jul 29 2019 12:21:46

rst:0x5 (DEEPSLEEP_RESET),boot:0x13 (SPI_FAST_FLASH_BOOT)
configsip: 0, SPIWP:0xee
clk_drv:0x00,q_drv:0x00,d_drv:0x00,cs0_drv:0x00,hd_drv:0x00,wp_drv:0x00
mode:DIO, clock div:2
load:0x3fff0030,len:7140
load:0x40078000,len:15780
load:0x40080400,len:4
ho 8 tail 4 room 4
load:0x40080404,len:3884
entry 0x40080650
[0;32mI (31) boot: ESP-IDF v5.2-dev-3065-g272b4091f1 2nd stage bootloader[0m
[0;32mI (31) boot: compile time Oct  4 2023 21:11:25[0m
[0;32mI (33) boot: Multicore bootloader[0m
[0;32mI (37) boot: chip revision: v3.1[0m
[0;32mI (41) boot.esp32: SPI Speed      : 40MHz[0m
[0;32mI (46) boot.esp32: SPI Mode       : DIO[0m
[0;32mI (50) boot.esp32: SPI Flash Size : 2MB[0m
[0;32mI (55) boot: Enabling RNG early entropy source...[0m
[0;32mI (60) boot: Partition Table:[0m
[0;32mI (64) boot: ## Label            Usage          Type ST Offset   Length[0m
[0;32mI (71) boot:  0 nvs              WiFi data        01 02 00009000 00006000[0m
[0;32mI (78) boot:  1 phy_init         RF data          01 01 0000f000 00001000[0m
[0;32mI (86) boot:  2 factory          factory app      00 00 00010000 00100000[0m
[0;32mI (93) boot: End of partition table[0m
[0;32mI (98) esp_image: segment 0: paddr=00010020 vaddr=3f400020 size=0b7f0h ( 47088) map[0m
[0;32mI (123) esp_image: segment 1: paddr=0001b818 vaddr=3ff80063 size=00008h (     8) [0m
[0;32mI (123) esp_image: segment 2: paddr=0001b828 vaddr=3ffb0000 size=02228h (  8744) load[0m
[0;32mI (132) esp_image: segment 3: paddr=0001da58 vaddr=40080000 size=025c0h (  9664) load[0m
[0;32mI (141) esp_image: segment 4: paddr=00020020 vaddr=400d0020 size=19fcch (106444) map[0m
[0;32mI (184) esp_image: segment 5: paddr=00039ff4 vaddr=400825c0 size=0b320h ( 45856) load[0m
[0;32mI (203) esp_image: segment 6: paddr=0004531c vaddr=400c0000 size=00064h (   100) [0m
[0;32mI (204) esp_image: segment 7: paddr=00045388 vaddr=50000000 size=00010h (    16) [0m
[0;32mI (215) boot: Loaded app from partition at offset 0x10000[0m
[0;32mI (215) boot: Disabling RNG early entropy source...[0m
[0;32mI (231) cpu_start: Multicore app[0m
[0;32mI (231) cpu_start: Pro cpu up.[0m
[0;32mI (232) cpu_start: Starting app cpu, entry point is 0x400811c4[0m
[0;32mI (0) cpu_start: App cpu up.[0m
[0;32mI (249) cpu_start: Pro cpu start user code[0m
[0;32mI (249) cpu_start: cpu freq: 160000000 Hz[0m
[0;32mI (250) cpu_start: Application information:[0m
[0;32mI (254) cpu_start: Project name:     low-power-dashboard[0m
[0;32mI (260) cpu_start: App version:      b1c41bd-dirty[0m
[0;32mI (266) cpu_start: Compile time:     Jan 10 2024 17:59:23[0m
[0;32mI (272) cpu_start: ELF file SHA256:  2ffae2d43...[0m
[0;32mI (277) cpu_start: ESP-IDF:          v5.2-dev-3065-g272b4091f1[0m
[0;32mI (284) cpu_start: Min chip rev:     v0.0[0m
[0;32mI (288) cpu_start: Max chip rev:     v3.99 [0m
[0;32mI (293) cpu_start: Chip rev:         v3.1[0m
[0;32mI (298) heap_init: Initializing. RAM available for dynamic allocation:[0m
[0;32mI (305) heap_init: At 3FFAE6E0 len 00001920 (6 KiB): DRAM[0m
[0;32mI (311) heap_init: At 3FFB2CB0 len 0002D350 (180 KiB): DRAM[0m
[0;32mI (317) heap_init: At 3FFE0440 len 00003AE0 (14 KiB): D/IRAM[0m
[0;32mI (324) heap_init: At 3FFE4350 len 0001BCB0 (111 KiB): D/IRAM[0m
[0;32mI (330) heap_init: At 4008D8E0 len 00012720 (73 KiB): IRAM[0m
[0;32mI (338) spi_flash: detected chip: gd[0m
[0;32mI (341) spi_flash: flash io: dio[0m
[0;33mW (344) spi_flash: Detected size(8192k) larger than the size in the binary image header(2048k). Using the size in the binary image header.[0m
[0;33mW (358) ADC: legacy driver is deprecated, please migrate to `esp_adc/adc_oneshot.h`[0m
[0;32mI (366) app_start: Starting scheduler on CPU0[0m
[0;32mI (371) app_start: Starting scheduler on CPU1[0m
[0;32mI (371) main_task: Started on CPU0[0m
[0;32mI (381) main_task: Calling app_main()[0m
Ini NVS: 0
Load data: 0
WIFI SSID:ssid
 PASS:pass TIME:10
Save to NVS: 0
Enabling timer wakeup, 10s
Enabling EXT1 wakeup on pins GPIO33
Entering deep sleep
ets Jul 29 2019 12:21:46

rst:0x5 (DEEPSLEEP_RESET),boot:0x13 (SPI_FAST_FLASH_BOOT)
configsip: 0, SPIWP:0xee
clk_drv:0x00,q_drv:0x00,d_drv:0x00,cs0_drv:0x00,hd_drv:0x00,wp_drv:0x00
mode:DIO, clock div:2
load:0x3fff0030,len:7140
load:0x40078000,len:15780
load:0x40080400,len:4
ho 8 tail 4 room 4
load:0x40080404,len:3884
entry 0x40080650
[0;32mI (31) boot: ESP-IDF v5.2-dev-3065-g272b4091f1 2nd stage bootloader[0m
[0;32mI (31) boot: compile time Oct  4 2023 21:11:25[0m
[0;32mI (33) boot: Multicore bootloader[0m
[0;32mI (37) boot: chip revision: v3.1[0m
[0;32mI (41) boot.esp32: SPI Speed      : 40MHz[0m
[0;32mI (46) boot.esp32: SPI Mode       : DIO[0m
[0;32mI (50) boot.esp32: SPI Flash Size : 2MB[0m
[0;32mI (55) boot: Enabling RNG early entropy source...[0m
[0;32mI (60) boot: Partition Table:[0m
[0;32mI (64) boot: ## Label            Usage          Type ST Offset   Length[0m
[0;32mI (71) boot:  0 nvs              WiFi data        01 02 00009000 00006000[0m
[0;32mI (78) boot:  1 phy_init         RF data          01 01 0000f000 00001000[0m
[0;32mI (86) boot:  2 factory          factory app      00 00 00010000 00100000[0m
[0;32mI (93) boot: End of partition table[0m
[0;32mI (98) esp_image: segment 0: paddr=00010020 vaddr=3f400020 size=0b7f0h ( 47088) map[0m
[0;32mI (123) esp_image: segment 1: paddr=0001b818 vaddr=3ff80063 size=00008h (     8) [0m
[0;32mI (123) esp_image: segment 2: paddr=0001b828 vaddr=3ffb0000 size=02228h (  8744) load[0m
[0;32mI (132) esp_image: segment 3: paddr=0001da58 vaddr=40080000 size=025c0h (  9664) load[0m
[0;32mI (141) esp_image: segment 4: paddr=00020020 vaddr=400d0020 size=19fcch (106444) map[0m
[0;32mI (184) esp_image: segment 5: paddr=00039ff4 vaddr=400825c0 size=0b320h ( 45856) load[0m
[0;32mI (203) esp_image: segment 6: paddr=0004531c vaddr=400c0000 size=00064h (   100) [0m
[0;32mI (204) esp_image: segment 7: paddr=00045388 vaddr=50000000 size=00010h (    16) [0m
[0;32mI (215) boot: Loaded app from partition at offset 0x10000[0m
[0;32mI (215) boot: Disabling RNG early entropy source...[0m
[0;32mI (231) cpu_start: Multicore app[0m
[0;32mI (231) cpu_start: Pro cpu up.[0m
[0;32mI (232) cpu_start: Starting app cpu, entry point is 0x400811c4[0m
[0;32mI (0) cpu_start: App cpu up.[0m
[0;32mI (249) cpu_start: Pro cpu start user code[0m
[0;32mI (249) cpu_start: cpu freq: 160000000 Hz[0m
[0;32mI (250) cpu_start: Application information:[0m
[0;32mI (254) cpu_start: Project name:     low-power-dashboard[0m
[0;32mI (260) cpu_start: App version:      b1c41bd-dirty[0m
[0;32mI (266) cpu_start: Compile time:     Jan 10 2024 17:59:23[0m
[0;32mI (272) cpu_start: ELF file SHA256:  2ffae2d43...[0m
[0;32mI (277) cpu_start: ESP-IDF:          v5.2-dev-3065-g272b4091f1[0m
[0;32mI (284) cpu_start: Min chip rev:     v0.0[0m
[0;32mI (288) cpu_start: Max chip rev:     v3.99 [0m
[0;32mI (293) cpu_start: Chip rev:         v3.1[0m
[0;32mI (298) heap_init: Initializing. RAM available for dynamic allocation:[0m
[0;32mI (305) heap_init: At 3FFAE6E0 len 00001920 (6 KiB): DRAM[0m
[0;32mI (311) heap_init: At 3FFB2CB0 len 0002D350 (180 KiB): DRAM[0m
[0;32mI (317) heap_init: At 3FFE0440 len 00003AE0 (14 KiB): D/IRAM[0m
[0;32mI (324) heap_init: At 3FFE4350 len 0001BCB0 (111 KiB): D/IRAM[0m
[0;32mI (330) heap_init: At 4008D8E0 len 00012720 (73 KiB): IRAM[0m
[0;32mI (338) spi_flash: detected chip: gd[0m
[0;32mI (341) spi_flash: flash io: dio[0m
[0;33mW (344) spi_flash: Detected size(8192k) larger than the size in the binary image header(2048k). Using the size in the binary image header.[0m
[0;33mW (358) ADC: legacy driver is deprecated, please migrate to `esp_adc/adc_oneshot.h`[0m
[0;32mI (366) app_start: Starting scheduler on CPU0[0m
[0;32mI (371) app_start: Starting scheduler on CPU1[0m
[0;32mI (371) main_task: Started on CPU0[0m
[0;32mI (381) main_task: Calling app_main()[0m
Ini NVS: 0
Load data: 0
WIFI SSID:ssid
 PASS:pass TIME:10
Save to NVS: 0
Enabling timer wakeup, 10s
Enabling EXT1 wakeup on pins GPIO33
Entering deep sleep
ets Jul 29 2019 12:21:46

rst:0x5 (DEEPSLEEP_RESET),boot:0x13 (SPI_FAST_FLASH_BOOT)
configsip: 0, SPIWP:0xee
clk_drv:0x00,q_drv:0x00,d_drv:0x00,cs0_drv:0x00,hd_drv:0x00,wp_drv:0x00
mode:DIO, clock div:2
load:0x3fff0030,len:7140
load:0x40078000,len:15780
load:0x40080400,len:4
ho 8 tail 4 room 4
load:0x40080404,len:3884
entry 0x40080650
[0;32mI (31) boot: ESP-IDF v5.2-dev-3065-g272b4091f1 2nd stage bootloader[0m
[0;32mI (31) boot: compile time Oct  4 2023 21:11:25[0m
[0;32mI (33) boot: Multicore bootloader[0m
[0;32mI (37) boot: chip revision: v3.1[0m
[0;32mI (41) boot.esp32: SPI Speed      : 40MHz[0m
[0;32mI (46) boot.esp32: SPI Mode       : DIO[0m
[0;32mI (50) boot.esp32: SPI Flash Size : 2MB[0m
[0;32mI (55) boot: Enabling RNG early entropy source...[0m
[0;32mI (60) boot: Partition Table:[0m
[0;32mI (64) boot: ## Label            Usage          Type ST Offset   Length[0m
[0;32mI (71) boot:  0 nvs              WiFi data        01 02 00009000 00006000[0m
[0;32mI (78) boot:  1 phy_init         RF data          01 01 0000f000 00001000[0m
[0;32mI (86) boot:  2 factory          factory app      00 00 00010000 00100000[0m
[0;32mI (93) boot: End of partition table[0m
[0;32mI (98) esp_image: segment 0: paddr=00010020 vaddr=3f400020 size=0b7f0h ( 47088) map[0m
[0;32mI (123) esp_image: segment 1: paddr=0001b818 vaddr=3ff80063 size=00008h (     8) [0m
[0;32mI (123) esp_image: segment 2: paddr=0001b828 vaddr=3ffb0000 size=02228h (  8744) load[0m
[0;32mI (132) esp_image: segment 3: paddr=0001da58 vaddr=40080000 size=025c0h (  9664) load[0m
[0;32mI (141) esp_image: segment 4: paddr=00020020 vaddr=400d0020 size=19fcch (106444) map[0m
[0;32mI (184) esp_image: segment 5: paddr=00039ff4 vaddr=400825c0 size=0b320h ( 45856) load[0m
[0;32mI (203) esp_image: segment 6: paddr=0004531c vaddr=400c0000 size=00064h (   100) [0m
[0;32mI (204) esp_image: segment 7: paddr=00045388 vaddr=50000000 size=00010h (    16) [0m
[0;32mI (215) boot: Loaded app from partition at offset 0x10000[0m
[0;32mI (215) boot: Disabling RNG early entropy source...[0m
[0;32mI (231) cpu_start: Multicore app[0m
[0;32mI (231) cpu_start: Pro cpu up.[0m
[0;32mI (232) cpu_start: Starting app cpu, entry point is 0x400811c4[0m
[0;32mI (0) cpu_start: App cpu up.[0m
[0;32mI (249) cpu_start: Pro cpu start user code[0m
[0;32mI (249) cpu_start: cpu freq: 160000000 Hz[0m
[0;32mI (250) cpu_start: Application information:[0m
[0;32mI (254) cpu_start: Project name:     low-power-dashboard[0m
[0;32mI (260) cpu_start: App version:      b1c41bd-dirty[0m
[0;32mI (266) cpu_start: Compile time:     Jan 10 2024 17:59:23[0m
[0;32mI (272) cpu_start: ELF file SHA256:  2ffae2d43...[0m
[0;32mI (277) cpu_start: ESP-IDF:          v5.2-dev-3065-g272b4091f1[0m
[0;32mI (284) cpu_start: Min chip rev:     v0.0[0m
[0;32mI (288) cpu_start: Max chip rev:     v3.99 [0m
[0;32mI (293) cpu_start: Chip rev:         v3.1[0m
[0;32mI (298) heap_init: Initializing. RAM available for dynamic allocation:[0m
[0;32mI (305) heap_init: At 3FFAE6E0 len 00001920 (6 KiB): DRAM[0m
[0;32mI (311) heap_init: At 3FFB2CB0 len 0002D350 (180 KiB): DRAM[0m
[0;32mI (317) heap_init: At 3FFE0440 len 00003AE0 (14 KiB): D/IRAM[0m
[0;32mI (324) heap_init: At 3FFE4350 len 0001BCB0 (111 KiB): D/IRAM[0m
[0;32mI (330) heap_init: At 4008D8E0 len 00012720 (73 KiB): IRAM[0m
[0;32mI (338) spi_flash: detected chip: gd[0m
[0;32mI (341) spi_flash: flash io: dio[0m
[0;33mW (344) spi_flash: Detected size(8192k) larger than the size in the binary image header(2048k). Using the size in the binary image header.[0m
[0;33mW (358) ADC: legacy driver is deprecated, please migrate to `esp_adc/adc_oneshot.h`[0m
[0;32mI (366) app_start: Starting scheduler on CPU0[0m
[0;32mI (371) app_start: Starting scheduler on CPU1[0m
[0;32mI (371) main_task: Started on CPU0[0m
[0;32mI (381) main_task: Calling app_main()[0m
Ini NVS: 0
Load data: 0
WIFI SSID:ssid
 PASS:pass TIME:10
Save to NVS: 0
Enabling timer wakeup, 10s
Enabling EXT1 wakeup on pins GPIO33
Entering deep sleep
ets Jul 29 2019 12:21:46

rst:0x5 (DEEPSLEEP_RESET),boot:0x13 (SPI_FAST_FLASH_BOOT)
configsip: 0, SPIWP:0xee
clk_drv:0x00,q_drv:0x00,d_drv:0x00,cs0_drv:0x00,hd_drv:0x00,wp_drv:0x00
mode:DIO, clock div:2
load:0x3fff0030,len:7140
load:0x40078000,len:15780
load:0x40080400,len:4
ho 8 tail 4 room 4
load:0x40080404,len:3884
entry 0x40080650
[0;32mI (31) boot: ESP-IDF v5.2-dev-3065-g272b4091f1 2nd stage bootloader[0m
[0;32mI (31) boot: compile time Oct  4 2023 21:11:25[0m
[0;32mI (33) boot: Multicore bootloader[0m
[0;32mI (37) boot: chip revision: v3.1[0m
[0;32mI (41) boot.esp32: SPI Speed      : 40MHz[0m
[0;32mI (46) boot.esp32: SPI Mode       : DIO[0m
[0;32mI (50) boot.esp32: SPI Flash Size : 2MB[0m
[0;32mI (55) boot: Enabling RNG early entropy source...[0m
[0;32mI (60) boot: Partition Table:[0m
[0;32mI (64) boot: ## Label            Usage          Type ST Offset   Length[0m
[0;32mI (71) boot:  0 nvs              WiFi data        01 02 00009000 00006000[0m
[0;32mI (78) boot:  1 phy_init         RF data          01 01 0000f000 00001000[0m
[0;32mI (86) boot:  2 factory          factory app      00 00 00010000 00100000[0m
[0;32mI (93) boot: End of partition table[0m
[0;32mI (98) esp_image: segment 0: paddr=00010020 vaddr=3f400020 size=0b7f0h ( 47088) map[0m
[0;32mI (123) esp_image: segment 1: paddr=0001b818 vaddr=3ff80063 size=00008h (     8) [0m
[0;32mI (123) esp_image: segment 2: paddr=0001b828 vaddr=3ffb0000 size=02228h (  8744) load[0m
[0;32mI (132) esp_image: segment 3: paddr=0001da58 vaddr=40080000 size=025c0h (  9664) load[0m
[0;32mI (141) esp_image: segment 4: paddr=00020020 vaddr=400d0020 size=19fcch (106444) map[0m
[0;32mI (184) esp_image: segment 5: paddr=00039ff4 vaddr=400825c0 size=0b320h ( 45856) load[0m
[0;32mI (203) esp_image: segment 6: paddr=0004531c vaddr=400c0000 size=00064h (   100) [0m
[0;32mI (204) esp_image: segment 7: paddr=00045388 vaddr=50000000 size=00010h (    16) [0m
[0;32mI (215) boot: Loaded app from partition at offset 0x10000[0m
[0;32mI (215) boot: Disabling RNG early entropy source...[0m
[0;32mI (231) cpu_start: Multicore app[0m
[0;32mI (231) cpu_start: Pro cpu up.[0m
[0;32mI (232) cpu_start: Starting app cpu, entry point is 0x400811c4[0m
[0;32mI (0) cpu_start: App cpu up.[0m
[0;32mI (249) cpu_start: Pro cpu start user code[0m
[0;32mI (249) cpu_start: cpu freq: 160000000 Hz[0m
[0;32mI (250) cpu_start: Application information:[0m
[0;32mI (254) cpu_start: Project name:     low-power-dashboard[0m
[0;32mI (260) cpu_start: App version:      b1c41bd-dirty[0m
[0;32mI (266) cpu_start: Compile time:     Jan 10 2024 17:59:23[0m
[0;32mI (272) cpu_start: ELF file SHA256:  2ffae2d43...[0m
[0;32mI (277) cpu_start: ESP-IDF:          v5.2-dev-3065-g272b4091f1[0m
[0;32mI (284) cpu_start: Min chip rev:     v0.0[0m
[0;32mI (288) cpu_start: Max chip rev:     v3.99 [0m
[0;32mI (293) cpu_start: Chip rev:         v3.1[0m
[0;32mI (298) heap_init: Initializing. RAM available for dynamic allocation:[0m
[0;32mI (305) heap_init: At 3FFAE6E0 len 00001920 (6 KiB): DRAM[0m
[0;32mI (311) heap_init: At 3FFB2CB0 len 0002D350 (180 KiB): DRAM[0m
[0;32mI (317) heap_init: At 3FFE0440 len 00003AE0 (14 KiB): D/IRAM[0m
[0;32mI (324) heap_init: At 3FFE4350 len 0001BCB0 (111 KiB): D/IRAM[0m
[0;32mI (330) heap_init: At 4008D8E0 len 00012720 (73 KiB): IRAM[0m
[0;32mI (338) spi_flash: detected chip: gd[0m
[0;32mI (341) spi_flash: flash io: dio[0m
[0;33mW (344) spi_flash: Detected size(8192k) larger than the size in the binary image header(2048k). Using the size in the binary image header.[0m
[0;33mW (358) ADC: legacy driver is deprecated, please migrate to `esp_adc/adc_oneshot.h`[0m
[0;32mI (366) app_start: Starting scheduler on CPU0[0m
[0;32mI (371) app_start: Starting scheduler on CPU1[0m
[0;32mI (371) main_task: Started on CPU0[0m
[0;32mI (381) main_task: Calling app_main()[0m
Ini NVS: 0
Load data: 0
WIFI SSID:ssid
 PASS:pass TIME:10
Save to NVS: 0
Enabling timer wakeup, 10s
Enabling EXT1 wakeup on pins GPIO33
Entering deep sleep
ets Jul 29 2019 12:21:46

rst:0x5 (DEEPSLEEP_RESET),boot:0x13 (SPI_FAST_FLASH_BOOT)
configsip: 0, SPIWP:0xee
clk_drv:0x00,q_drv:0x00,d_drv:0x00,cs0_drv:0x00,hd_drv:0x00,wp_drv:0x00
mode:DIO, clock div:2
load:0x3fff0030,len:7140
load:0x40078000,len:15780
load:0x40080400,len:4
ho 8 tail 4 room 4
load:0x40080404,len:3884
entry 0x40080650
[0;32mI (31) boot: ESP-IDF v5.2-dev-3065-g272b4091f1 2nd stage bootloader[0m
[0;32mI (31) boot: compile time Oct  4 2023 21:11:25[0m
[0;32mI (33) boot: Multicore bootloader[0m
[0;32mI (37) boot: chip revision: v3.1[0m
[0;32mI (41) boot.esp32: SPI Speed      : 40MHz[0m
[0;32mI (46) boot.esp32: SPI Mode       : DIO[0m
[0;32mI (50) boot.esp32: SPI Flash Size : 2MB[0m
[0;32mI (55) boot: Enabling RNG early entropy source...[0m
[0;32mI (60) boot: Partition Table:[0m
[0;32mI (64) boot: ## Label            Usage          Type ST Offset   Length[0m
[0;32mI (71) boot:  0 nvs              WiFi data        01 02 00009000 00006000[0m
[0;32mI (78) boot:  1 phy_init         RF data          01 01 0000f000 00001000[0m
[0;32mI (86) boot:  2 factory          factory app      00 00 00010000 00100000[0m
[0;32mI (93) boot: End of partition table[0m
[0;32mI (98) esp_image: segment 0: paddr=00010020 vaddr=3f400020 size=0b7f0h ( 47088) map[0m
[0;32mI (123) esp_image: segment 1: paddr=0001b818 vaddr=3ff80063 size=00008h (     8) [0m
[0;32mI (123) esp_image: segment 2: paddr=0001b828 vaddr=3ffb0000 size=02228h (  8744) load[0m
[0;32mI (132) esp_image: segment 3: paddr=0001da58 vaddr=40080000 size=025c0h (  9664) load[0m
[0;32mI (141) esp_image: segment 4: paddr=00020020 vaddr=400d0020 size=19fcch (106444) map[0m
[0;32mI (184) esp_image: segment 5: paddr=00039ff4 vaddr=400825c0 size=0b320h ( 45856) load[0m
[0;32mI (203) esp_image: segment 6: paddr=0004531c vaddr=400c0000 size=00064h (   100) [0m
[0;32mI (204) esp_image: segment 7: paddr=00045388 vaddr=50000000 size=00010h (    16) [0m
[0;32mI (215) boot: Loaded app from partition at offset 0x10000[0m
[0;32mI (215) boot: Disabling RNG early entropy source...[0m
[0;32mI (231) cpu_start: Multicore app[0m
[0;32mI (231) cpu_start: Pro cpu up.[0m
[0;32mI (232) cpu_start: Starting app cpu, entry point is 0x400811c4[0m
[0;32mI (0) cpu_start: App cpu up.[0m
[0;32mI (249) cpu_start: Pro cpu start user code[0m
[0;32mI (249) cpu_start: cpu freq: 160000000 Hz[0m
[0;32mI (250) cpu_start: Application information:[0m
[0;32mI (254) cpu_start: Project name:     low-power-dashboard[0m
[0;32mI (260) cpu_start: App version:      b1c41bd-dirty[0m
[0;32mI (266) cpu_start: Compile time:     Jan 10 2024 17:59:23[0m
[0;32mI (272) cpu_start: ELF file SHA256:  2ffae2d43...[0m
[0;32mI (277) cpu_start: ESP-IDF:          v5.2-dev-3065-g272b4091f1[0m
[0;32mI (284) cpu_start: Min chip rev:     v0.0[0m
[0;32mI (288) cpu_start: Max chip rev:     v3.99 [0m
[0;32mI (293) cpu_start: Chip rev:         v3.1[0m
[0;32mI (298) heap_init: Initializing. RAM available for dynamic allocation:[0m
[0;32mI (305) heap_init: At 3FFAE6E0 len 00001920 (6 KiB): DRAM[0m
[0;32mI (311) heap_init: At 3FFB2CB0 len 0002D350 (180 KiB): DRAM[0m
[0;32mI (317) heap_init: At 3FFE0440 len 00003AE0 (14 KiB): D/IRAM[0m
[0;32mI (324) heap_init: At 3FFE4350 len 0001BCB0 (111 KiB): D/IRAM[0m
[0;32mI (330) heap_init: At 4008D8E0 len 00012720 (73 KiB): IRAM[0m
[0;32mI (338) spi_flash: detected chip: gd[0m
[0;32mI (341) spi_flash: flash io: dio[0m
[0;33mW (344) spi_flash: Detected size(8192k) larger than the size in the binary image header(2048k). Using the size in the binary image header.[0m
[0;33mW (358) ADC: legacy driver is deprecated, please migrate to `esp_adc/adc_oneshot.h`[0m
[0;32mI (366) app_start: Starting scheduler on CPU0[0m
[0;32mI (371) app_start: Starting scheduler on CPU1[0m
[0;32mI (371) main_task: Started on CPU0[0m
[0;32mI (381) main_task: Calling app_main()[0m
Ini NVS: 0
Load data: 0
WIFI SSID:ssid
 PASS:pass TIME:10
Save to NVS: 0
Enabling timer wakeup, 10s
Enabling EXT1 wakeup on pins GPIO33
Entering deep sleep
ets Jul 29 2019 12:21:46

rst:0x5 (DEEPSLEEP_RESET),boot:0x13 (SPI_FAST_FLASH_BOOT)
configsip: 0, SPIWP:0xee
clk_drv:0x00,q_drv:0x00,d_drv:0x00,cs0_drv:0x00,hd_drv:0x00,wp_drv:0x00
mode:DIO, clock div:2
load:0x3fff0030,len:7140
load:0x40078000,len:15780
load:0x40080400,len:4
ho 8 tail 4 room 4
load:0x40080404,len:3884
entry 0x40080650
[0;32mI (31) boot: ESP-IDF v5.2-dev-3065-g272b4091f1 2nd stage bootloader[0m
[0;32mI (31) boot: compile time Oct  4 2023 21:11:25[0m
[0;32mI (33) boot: Multicore bootloader[0m
[0;32mI (37) boot: chip revision: v3.1[0m
[0;32mI (41) boot.esp32: SPI Speed      : 40MHz[0m
[0;32mI (46) boot.esp32: SPI Mode       : DIO[0m
[0;32mI (50) boot.esp32: SPI Flash Size : 2MB[0m
[0;32mI (55) boot: Enabling RNG early entropy source...[0m
[0;32mI (60) boot: Partition Table:[0m
[0;32mI (64) boot: ## Label            Usage          Type ST Offset   Length[0m
[0;32mI (71) boot:  0 nvs              WiFi data        01 02 00009000 00006000[0m
[0;32mI (78) boot:  1 phy_init         RF data          01 01 0000f000 00001000[0m
[0;32mI (86) boot:  2 factory          factory app      00 00 00010000 00100000[0m
[0;32mI (93) boot: End of partition table[0m
[0;32mI (98) esp_image: segment 0: paddr=00010020 vaddr=3f400020 size=0b7f0h ( 47088) map[0m
[0;32mI (123) esp_image: segment 1: paddr=0001b818 vaddr=3ff80063 size=00008h (     8) [0m
[0;32mI (123) esp_image: segment 2: paddr=0001b828 vaddr=3ffb0000 size=02228h (  8744) load[0m
[0;32mI (132) esp_image: segment 3: paddr=0001da58 vaddr=40080000 size=025c0h (  9664) load[0m
[0;32mI (141) esp_image: segment 4: paddr=00020020 vaddr=400d0020 size=19fcch (106444) map[0m
[0;32mI (184) esp_image: segment 5: paddr=00039ff4 vaddr=400825c0 size=0b320h ( 45856) load[0m
[0;32mI (203) esp_image: segment 6: paddr=0004531c vaddr=400c0000 size=00064h (   100) [0m
[0;32mI (204) esp_image: segment 7: paddr=00045388 vaddr=50000000 size=00010h (    16) [0m
[0;32mI (215) boot: Loaded app from partition at offset 0x10000[0m
[0;32mI (215) boot: Disabling RNG early entropy source...[0m
[0;32mI (231) cpu_start: Multicore app[0m
[0;32mI (231) cpu_start: Pro cpu up.[0m
[0;32mI (232) cpu_start: Starting app cpu, entry point is 0x400811c4[0m
[0;32mI (0) cpu_start: App cpu up.[0m
[0;32mI (249) cpu_start: Pro cpu start user code[0m
[0;32mI (249) cpu_start: cpu freq: 160000000 Hz[0m
[0;32mI (250) cpu_start: Application information:[0m
[0;32mI (254) cpu_start: Project name:     low-power-dashboard[0m
[0;32mI (260) cpu_start: App version:      b1c41bd-dirty[0m
[0;32mI (266) cpu_start: Compile time:     Jan 10 2024 17:59:23[0m
[0;32mI (272) cpu_start: ELF file SHA256:  2ffae2d43...[0m
[0;32mI (277) cpu_start: ESP-IDF:          v5.2-dev-3065-g272b4091f1[0m
[0;32mI (284) cpu_start: Min chip rev:     v0.0[0m
[0;32mI (288) cpu_start: Max chip rev:     v3.99 [0m
[0;32mI (293) cpu_start: Chip rev:         v3.1[0m
[0;32mI (298) heap_init: Initializing. RAM available for dynamic allocation:[0m
[0;32mI (305) heap_init: At 3FFAE6E0 len 00001920 (6 KiB): DRAM[0m
[0;32mI (311) heap_init: At 3FFB2CB0 len 0002D350 (180 KiB): DRAM[0m
[0;32mI (317) heap_init: At 3FFE0440 len 00003AE0 (14 KiB): D/IRAM[0m
[0;32mI (324) heap_init: At 3FFE4350 len 0001BCB0 (111 KiB): D/IRAM[0m
[0;32mI (330) heap_init: At 4008D8E0 len 00012720 (73 KiB): IRAM[0m
[0;32mI (338) spi_flash: detected chip: gd[0m
[0;32mI (341) spi_flash: flash io: dio[0m
[0;33mW (344) spi_flash: Detected size(8192k) larger than the size in the binary image header(2048k). Using the size in the binary image header.[0m
[0;33mW (358) ADC: legacy driver is deprecated, please migrate to `esp_adc/adc_oneshot.h`[0m
[0;32mI (366) app_start: Starting scheduler on CPU0[0m
[0;32mI (371) app_start: Starting scheduler on CPU1[0m
[0;32mI (371) main_task: Started on CPU0[0m
[0;32mI (381) main_task: Calling app_main()[0m
Ini NVS: 0
Load data: 0
WIFI SSID:ssid
 PASS:pass TIME:10
Save to NVS: 0
Enabling timer wakeup, 10s
Enabling EXT1 wakeup on pins GPIO33
Entering deep sleep
ets Jul 29 2019 12:21:46

rst:0x5 (DEEPSLEEP_RESET),boot:0x13 (SPI_FAST_FLASH_BOOT)
configsip: 0, SPIWP:0xee
clk_drv:0x00,q_drv:0x00,d_drv:0x00,cs0_drv:0x00,hd_drv:0x00,wp_drv:0x00
mode:DIO, clock div:2
load:0x3fff0030,len:7140
load:0x40078000,len:15780
load:0x40080400,len:4
ho 8 tail 4 room 4
load:0x40080404,len:3884
entry 0x40080650
[0;32mI (31) boot: ESP-IDF v5.2-dev-3065-g272b4091f1 2nd stage bootloader[0m
[0;32mI (31) boot: compile time Oct  4 2023 21:11:25[0m
[0;32mI (33) boot: Multicore bootloader[0m
[0;32mI (37) boot: chip revision: v3.1[0m
[0;32mI (41) boot.esp32: SPI Speed      : 40MHz[0m
[0;32mI (46) boot.esp32: SPI Mode       : DIO[0m
[0;32mI (50) boot.esp32: SPI Flash Size : 2MB[0m
[0;32mI (55) boot: Enabling RNG early entropy source...[0m
[0;32mI (60) boot: Partition Table:[0m
[0;32mI (64) boot: ## Label            Usage          Type ST Offset   Length[0m
[0;32mI (71) boot:  0 nvs              WiFi data        01 02 00009000 00006000[0m
[0;32mI (78) boot:  1 phy_init         RF data          01 01 0000f000 00001000[0m
[0;32mI (86) boot:  2 factory          factory app      00 00 00010000 00100000[0m
[0;32mI (93) boot: End of partition table[0m
[0;32mI (98) esp_image: segment 0: paddr=00010020 vaddr=3f400020 size=0b7f0h ( 47088) map[0m
[0;32mI (123) esp_image: segment 1: paddr=0001b818 vaddr=3ff80063 size=00008h (     8) [0m
[0;32mI (123) esp_image: segment 2: paddr=0001b828 vaddr=3ffb0000 size=02228h (  8744) load[0m
[0;32mI (132) esp_image: segment 3: paddr=0001da58 vaddr=40080000 size=025c0h (  9664) load[0m
[0;32mI (141) esp_image: segment 4: paddr=00020020 vaddr=400d0020 size=19fcch (106444) map[0m
[0;32mI (184) esp_image: segment 5: paddr=00039ff4 vaddr=400825c0 size=0b320h ( 45856) load[0m
[0;32mI (203) esp_image: segment 6: paddr=0004531c vaddr=400c0000 size=00064h (   100) [0m
[0;32mI (204) esp_image: segment 7: paddr=00045388 vaddr=50000000 size=00010h (    16) [0m
[0;32mI (215) boot: Loaded app from partition at offset 0x10000[0m
[0;32mI (215) boot: Disabling RNG early entropy source...[0m
[0;32mI (231) cpu_start: Multicore app[0m
[0;32mI (231) cpu_start: Pro cpu up.[0m
[0;32mI (232) cpu_start: Starting app cpu, entry point is 0x400811c4[0m
[0;32mI (0) cpu_start: App cpu up.[0m
[0;32mI (249) cpu_start: Pro cpu start user code[0m
[0;32mI (249) cpu_start: cpu freq: 160000000 Hz[0m
[0;32mI (250) cpu_start: Application information:[0m
[0;32mI (254) cpu_start: Project name:     low-power-dashboard[0m
[0;32mI (260) cpu_start: App version:      b1c41bd-dirty[0m
[0;32mI (266) cpu_start: Compile time:     Jan 10 2024 17:59:23[0m
[0;32mI (272) cpu_start: ELF file SHA256:  2ffae2d43...[0m
[0;32mI (277) cpu_start: ESP-IDF:          v5.2-dev-3065-g272b4091f1[0m
[0;32mI (284) cpu_start: Min chip rev:     v0.0[0m
[0;32mI (288) cpu_start: Max chip rev:     v3.99 [0m
[0;32mI (293) cpu_start: Chip rev:         v3.1[0m
[0;32mI (298) heap_init: Initializing. RAM available for dynamic allocation:[0m
[0;32mI (305) heap_init: At 3FFAE6E0 len 00001920 (6 KiB): DRAM[0m
[0;32mI (311) heap_init: At 3FFB2CB0 len 0002D350 (180 KiB): DRAM[0m
[0;32mI (317) heap_init: At 3FFE0440 len 00003AE0 (14 KiB): D/IRAM[0m
[0;32mI (324) heap_init: At 3FFE4350 len 0001BCB0 (111 KiB): D/IRAM[0m
[0;32mI (330) heap_init: At 4008D8E0 len 00012720 (73 KiB): IRAM[0m
[0;32mI (338) spi_flash: detected chip: gd[0m
[0;32mI (341) spi_flash: flash io: dio[0m
[0;33mW (344) spi_flash: Detected size(8192k) larger than the size in the binary image header(2048k). Using the size in the binary image header.[0m
[0;33mW (358) ADC: legacy driver is deprecated, please migrate to `esp_adc/adc_oneshot.h`[0m
[0;32mI (366) app_start: Starting scheduler on CPU0[0m
[0;32mI (371) app_start: Starting scheduler on CPU1[0m
[0;32mI (371) main_task: Started on CPU0[0m
[0;32mI (381) main_task: Calling app_main()[0m
Ini NVS: 0
Load data: 0
WIFI SSID:ssid
 PASS:pass TIME:10
Save to NVS: 0
Enabling timer wakeup, 10s
Enabling EXT1 wakeup on pins GPIO33
Entering deep sleep
ets Jul 29 2019 12:21:46

rst:0x5 (DEEPSLEEP_RESET),boot:0x13 (SPI_FAST_FLASH_BOOT)
configsip: 0, SPIWP:0xee
clk_drv:0x00,q_drv:0x00,d_drv:0x00,cs0_drv:0x00,hd_drv:0x00,wp_drv:0x00
mode:DIO, clock div:2
load:0x3fff0030,len:7140
load:0x40078000,len:15780
load:0x40080400,len:4
ho 8 tail 4 room 4
load:0x40080404,len:3884
entry 0x40080650
[0;32mI (31) boot: ESP-IDF v5.2-dev-3065-g272b4091f1 2nd stage bootloader[0m
[0;32mI (31) boot: compile time Oct  4 2023 21:11:25[0m
[0;32mI (33) boot: Multicore bootloader[0m
[0;32mI (37) boot: chip revision: v3.1[0m
[0;32mI (41) boot.esp32: SPI Speed      : 40MHz[0m
[0;32mI (46) boot.esp32: SPI Mode       : DIO[0m
[0;32mI (50) boot.esp32: SPI Flash Size : 2MB[0m
[0;32mI (55) boot: Enabling RNG early entropy source...[0m
[0;32mI (60) boot: Partition Table:[0m
[0;32mI (64) boot: ## Label            Usage          Type ST Offset   Length[0m
[0;32mI (71) boot:  0 nvs              WiFi data        01 02 00009000 00006000[0m
[0;32mI (78) boot:  1 phy_init         RF data          01 01 0000f000 00001000[0m
[0;32mI (86) boot:  2 factory          factory app      00 00 00010000 00100000[0m
[0;32mI (93) boot: End of partition table[0m
[0;32mI (98) esp_image: segment 0: paddr=00010020 vaddr=3f400020 size=0b7f0h ( 47088) map[0m
[0;32mI (123) esp_image: segment 1: paddr=0001b818 vaddr=3ff80063 size=00008h (     8) [0m
[0;32mI (123) esp_image: segment 2: paddr=0001b828 vaddr=3ffb0000 size=02228h (  8744) load[0m
[0;32mI (132) esp_image: segment 3: paddr=0001da58 vaddr=40080000 size=025c0h (  9664) load[0m
[0;32mI (141) esp_image: segment 4: paddr=00020020 vaddr=400d0020 size=19fcch (106444) map[0m
[0;32mI (184) esp_image: segment 5: paddr=00039ff4 vaddr=400825c0 size=0b320h ( 45856) load[0m
[0;32mI (203) esp_image: segment 6: paddr=0004531c vaddr=400c0000 size=00064h (   100) [0m
[0;32mI (204) esp_image: segment 7: paddr=00045388 vaddr=50000000 size=00010h (    16) [0m
[0;32mI (215) boot: Loaded app from partition at offset 0x10000[0m
[0;32mI (215) boot: Disabling RNG early entropy source...[0m
[0;32mI (231) cpu_start: Multicore app[0m
[0;32mI (231) cpu_start: Pro cpu up.[0m
[0;32mI (232) cpu_start: Starting app cpu, entry point is 0x400811c4[0m
[0;32mI (0) cpu_start: App cpu up.[0m
[0;32mI (249) cpu_start: Pro cpu start user code[0m
[0;32mI (249) cpu_start: cpu freq: 160000000 Hz[0m
[0;32mI (250) cpu_start: Application information:[0m
[0;32mI (254) cpu_start: Project name:     low-power-dashboard[0m
[0;32mI (260) cpu_start: App version:      b1c41bd-dirty[0m
[0;32mI (266) cpu_start: Compile time:     Jan 10 2024 17:59:23[0m
[0;32mI (272) cpu_start: ELF file SHA256:  2ffae2d43...[0m
[0;32mI (277) cpu_start: ESP-IDF:          v5.2-dev-3065-g272b4091f1[0m
[0;32mI (284) cpu_start: Min chip rev:     v0.0[0m
[0;32mI (288) cpu_start: Max chip rev:     v3.99 [0m
[0;32mI (293) cpu_start: Chip rev:         v3.1[0m
[0;32mI (298) heap_init: Initializing. RAM available for dynamic allocation:[0m
[0;32mI (305) heap_init: At 3FFAE6E0 len 00001920 (6 KiB): DRAM[0m
[0;32mI (311) heap_init: At 3FFB2CB0 len 0002D350 (180 KiB): DRAM[0m
[0;32mI (317) heap_init: At 3FFE0440 len 00003AE0 (14 KiB): D/IRAM[0m
[0;32mI (324) heap_init: At 3FFE4350 len 0001BCB0 (111 KiB): D/IRAM[0m
[0;32mI (330) heap_init: At 4008D8E0 len 00012720 (73 KiB): IRAM[0m
[0;32mI (338) spi_flash: detected chip: gd[0m
[0;32mI (341) spi_flash: flash io: dio[0m
[0;33mW (344) spi_flash: Detected size(8192k) larger than the size in the binary image header(2048k). Using the size in the binary image header.[0m
[0;33mW (358) ADC: legacy driver is deprecated, please migrate to `esp_adc/adc_oneshot.h`[0m
[0;32mI (366) app_start: Starting scheduler on CPU0[0m
[0;32mI (371) app_start: Starting scheduler on CPU1[0m
[0;32mI (371) main_task: Started on CPU0[0m
[0;32mI (381) main_task: Calling app_main()[0m
Ini NVS: 0
Load data: 0
WIFI SSID:ssid
 PASS:pass TIME:10
Save to NVS: 0
Enabling timer wakeup, 10s
Enabling EXT1 wakeup on pins GPIO33
Entering deep sleep
ets Jul 29 2019 12:21:46

rst:0x5 (DEEPSLEEP_RESET),boot:0x13 (SPI_FAST_FLASH_BOOT)
configsip: 0, SPIWP:0xee
clk_drv:0x00,q_drv:0x00,d_drv:0x00,cs0_drv:0x00,hd_drv:0x00,wp_drv:0x00
mode:DIO, clock div:2
load:0x3fff0030,len:7140
load:0x40078000,len:15780
load:0x40080400,len:4
ho 8 tail 4 room 4
load:0x40080404,len:3884
entry 0x40080650
[0;32mI (31) boot: ESP-IDF v5.2-dev-3065-g272b4091f1 2nd stage bootloader[0m
[0;32mI (31) boot: compile time Oct  4 2023 21:11:25[0m
[0;32mI (33) boot: Multicore bootloader[0m
[0;32mI (37) boot: chip revision: v3.1[0m
[0;32mI (41) boot.esp32: SPI Speed      : 40MHz[0m
[0;32mI (46) boot.esp32: SPI Mode       : DIO[0m
[0;32mI (50) boot.esp32: SPI Flash Size : 2MB[0m
[0;32mI (55) boot: Enabling RNG early entropy source...[0m
[0;32mI (60) boot: Partition Table:[0m
[0;32mI (64) boot: ## Label            Usage          Type ST Offset   Length[0m
[0;32mI (71) boot:  0 nvs              WiFi data        01 02 00009000 00006000[0m
[0;32mI (78) boot:  1 phy_init         RF data          01 01 0000f000 00001000[0m
[0;32mI (86) boot:  2 factory          factory app      00 00 00010000 00100000[0m
[0;32mI (93) boot: End of partition table[0m
[0;32mI (98) esp_image: segment 0: paddr=00010020 vaddr=3f400020 size=0b7f0h ( 47088) map[0m
[0;32mI (123) esp_image: segment 1: paddr=0001b818 vaddr=3ff80063 size=00008h (     8) [0m
[0;32mI (123) esp_image: segment 2: paddr=0001b828 vaddr=3ffb0000 size=02228h (  8744) load[0m
[0;32mI (132) esp_image: segment 3: paddr=0001da58 vaddr=40080000 size=025c0h (  9664) load[0m
[0;32mI (141) esp_image: segment 4: paddr=00020020 vaddr=400d0020 size=19fcch (106444) map[0m
[0;32mI (184) esp_image: segment 5: paddr=00039ff4 vaddr=400825c0 size=0b320h ( 45856) load[0m
[0;32mI (203) esp_image: segment 6: paddr=0004531c vaddr=400c0000 size=00064h (   100) [0m
[0;32mI (204) esp_image: segment 7: paddr=00045388 vaddr=50000000 size=00010h (    16) [0m
[0;32mI (215) boot: Loaded app from partition at offset 0x10000[0m
[0;32mI (215) boot: Disabling RNG early entropy source...[0m
[0;32mI (231) cpu_start: Multicore app[0m
[0;32mI (231) cpu_start: Pro cpu up.[0m
[0;32mI (232) cpu_start: Starting app cpu, entry point is 0x400811c4[0m
[0;32mI (0) cpu_start: App cpu up.[0m
[0;32mI (249) cpu_start: Pro cpu start user code[0m
[0;32mI (249) cpu_start: cpu freq: 160000000 Hz[0m
[0;32mI (250) cpu_start: Application information:[0m
[0;32mI (254) cpu_start: Project name:     low-power-dashboard[0m
[0;32mI (260) cpu_start: App version:      b1c41bd-dirty[0m
[0;32mI (266) cpu_start: Compile time:     Jan 10 2024 17:59:23[0m
[0;32mI (272) cpu_start: ELF file SHA256:  2ffae2d43...[0m
[0;32mI (277) cpu_start: ESP-IDF:          v5.2-dev-3065-g272b4091f1[0m
[0;32mI (284) cpu_start: Min chip rev:     v0.0[0m
[0;32mI (288) cpu_start: Max chip rev:     v3.99 [0m
[0;32mI (293) cpu_start: Chip rev:         v3.1[0m
[0;32mI (298) heap_init: Initializing. RAM available for dynamic allocation:[0m
[0;32mI (305) heap_init: At 3FFAE6E0 len 00001920 (6 KiB): DRAM[0m
[0;32mI (311) heap_init: At 3FFB2CB0 len 0002D350 (180 KiB): DRAM[0m
[0;32mI (317) heap_init: At 3FFE0440 len 00003AE0 (14 KiB): D/IRAM[0m
[0;32mI (324) heap_init: At 3FFE4350 len 0001BCB0 (111 KiB): D/IRAM[0m
[0;32mI (330) heap_init: At 4008D8E0 len 00012720 (73 KiB): IRAM[0m
[0;32mI (338) spi_flash: detected chip: gd[0m
[0;32mI (341) spi_flash: flash io: dio[0m
[0;33mW (344) spi_flash: Detected size(8192k) larger than the size in the binary image header(2048k). Using the size in the binary image header.[0m
[0;33mW (358) ADC: legacy driver is deprecated, please migrate to `esp_adc/adc_oneshot.h`[0m
[0;32mI (366) app_start: Starting scheduler on CPU0[0m
[0;32mI (371) app_start: Starting scheduler on CPU1[0m
[0;32mI (371) main_task: Started on CPU0[0m
[0;32mI (381) main_task: Calling app_main()[0m
Ini NVS: 0
Load data: 0
WIFI SSID:ssid
 PASS:pass TIME:10
Save to NVS: 0
Enabling timer wakeup, 10s
Enabling EXT1 wakeup on pins GPIO33
Entering deep sleep
ets Jul 29 2019 12:21:46

rst:0x5 (DEEPSLEEP_RESET),boot:0x13 (SPI_FAST_FLASH_BOOT)
configsip: 0, SPIWP:0xee
clk_drv:0x00,q_drv:0x00,d_drv:0x00,cs0_drv:0x00,hd_drv:0x00,wp_drv:0x00
mode:DIO, clock div:2
load:0x3fff0030,len:7140
load:0x40078000,len:15780
load:0x40080400,len:4
ho 8 tail 4 room 4
load:0x40080404,len:3884
entry 0x40080650
[0;32mI (31) boot: ESP-IDF v5.2-dev-3065-g272b4091f1 2nd stage bootloader[0m
[0;32mI (31) boot: compile time Oct  4 2023 21:11:25[0m
[0;32mI (33) boot: Multicore bootloader[0m
[0;32mI (37) boot: chip revision: v3.1[0m
[0;32mI (41) boot.esp32: SPI Speed      : 40MHz[0m
[0;32mI (46) boot.esp32: SPI Mode       : DIO[0m
[0;32mI (50) boot.esp32: SPI Flash Size : 2MB[0m
[0;32mI (55) boot: Enabling RNG early entropy source...[0m
[0;32mI (60) boot: Partition Table:[0m
[0;32mI (64) boot: ## Label            Usage          Type ST Offset   Length[0m
[0;32mI (71) boot:  0 nvs              WiFi data        01 02 00009000 00006000[0m
[0;32mI (78) boot:  1 phy_init         RF data          01 01 0000f000 00001000[0m
[0;32mI (86) boot:  2 factory          factory app      00 00 00010000 00100000[0m
[0;32mI (93) boot: End of partition table[0m
[0;32mI (98) esp_image: segment 0: paddr=00010020 vaddr=3f400020 size=0b7f0h ( 47088) map[0m
[0;32mI (123) esp_image: segment 1: paddr=0001b818 vaddr=3ff80063 size=00008h (     8) [0m
[0;32mI (123) esp_image: segment 2: paddr=0001b828 vaddr=3ffb0000 size=02228h (  8744) load[0m
[0;32mI (132) esp_image: segment 3: paddr=0001da58 vaddr=40080000 size=025c0h (  9664) load[0m
[0;32mI (141) esp_image: segment 4: paddr=00020020 vaddr=400d0020 size=19fcch (106444) map[0m
[0;32mI (184) esp_image: segment 5: paddr=00039ff4 vaddr=400825c0 size=0b320h ( 45856) load[0m
[0;32mI (203) esp_image: segment 6: paddr=0004531c vaddr=400c0000 size=00064h (   100) [0m
[0;32mI (204) esp_image: segment 7: paddr=00045388 vaddr=50000000 size=00010h (    16) [0m
[0;32mI (215) boot: Loaded app from partition at offset 0x10000[0m
[0;32mI (215) boot: Disabling RNG early entropy source...[0m
[0;32mI (231) cpu_start: Multicore app[0m
[0;32mI (231) cpu_start: Pro cpu up.[0m
[0;32mI (232) cpu_start: Starting app cpu, entry point is 0x400811c4[0m
[0;32mI (0) cpu_start: App cpu up.[0m
[0;32mI (249) cpu_start: Pro cpu start user code[0m
[0;32mI (249) cpu_start: cpu freq: 160000000 Hz[0m
[0;32mI (250) cpu_start: Application information:[0m
[0;32mI (254) cpu_start: Project name:     low-power-dashboard[0m
[0;32mI (260) cpu_start: App version:      b1c41bd-dirty[0m
[0;32mI (266) cpu_start: Compile time:     Jan 10 2024 17:59:23[0m
[0;32mI (272) cpu_start: ELF file SHA256:  2ffae2d43...[0m
[0;32mI (277) cpu_start: ESP-IDF:          v5.2-dev-3065-g272b4091f1[0m
[0;32mI (284) cpu_start: Min chip rev:     v0.0[0m
[0;32mI (288) cpu_start: Max chip rev:     v3.99 [0m
[0;32mI (293) cpu_start: Chip rev:         v3.1[0m
[0;32mI (298) heap_init: Initializing. RAM available for dynamic allocation:[0m
[0;32mI (305) heap_init: At 3FFAE6E0 len 00001920 (6 KiB): DRAM[0m
[0;32mI (311) heap_init: At 3FFB2CB0 len 0002D350 (180 KiB): DRAM[0m
[0;32mI (317) heap_init: At 3FFE0440 len 00003AE0 (14 KiB): D/IRAM[0m
[0;32mI (324) heap_init: At 3FFE4350 len 0001BCB0 (111 KiB): D/IRAM[0m
[0;32mI (330) heap_init: At 4008D8E0 len 00012720 (73 KiB): IRAM[0m
[0;32mI (338) spi_flash: detected chip: gd[0m
[0;32mI (341) spi_flash: flash io: dio[0m
[0;33mW (344) spi_flash: Detected size(8192k) larger than the size in the binary image header(2048k). Using the size in the binary image header.[0m
[0;33mW (358) ADC: legacy driver is deprecated, please migrate to `esp_adc/adc_oneshot.h`[0m
[0;32mI (366) app_start: Starting scheduler on CPU0[0m
[0;32mI (371) app_start: Starting scheduler on CPU1[0m
[0;32mI (371) main_task: Started on CPU0[0m
[0;32mI (381) main_task: Calling app_main()[0m
Ini NVS: 0
Load data: 0
WIFI SSID:ssid
 PASS:pass TIME:10
Save to NVS: 0
Enabling timer wakeup, 10s
Enabling EXT1 wakeup on pins GPIO33
Entering deep sleep
ets Jul 29 2019 12:21:46

rst:0x5 (DEEPSLEEP_RESET),boot:0x13 (SPI_FAST_FLASH_BOOT)
configsip: 0, SPIWP:0xee
clk_drv:0x00,q_drv:0x00,d_drv:0x00,cs0_drv:0x00,hd_drv:0x00,wp_drv:0x00
mode:DIO, clock div:2
load:0x3fff0030,len:7140
load:0x40078000,len:15780
load:0x40080400,len:4
ho 8 tail 4 room 4
load:0x40080404,len:3884
entry 0x40080650
[0;32mI (31) boot: ESP-IDF v5.2-dev-3065-g272b4091f1 2nd stage bootloader[0m
[0;32mI (31) boot: compile time Oct  4 2023 21:11:25[0m
[0;32mI (33) boot: Multicore bootloader[0m
[0;32mI (37) boot: chip revision: v3.1[0m
[0;32mI (41) boot.esp32: SPI Speed      : 40MHz[0m
[0;32mI (46) boot.esp32: SPI Mode       : DIO[0m
[0;32mI (50) boot.esp32: SPI Flash Size : 2MB[0m
[0;32mI (55) boot: Enabling RNG early entropy source...[0m
[0;32mI (60) boot: Partition Table:[0m
[0;32mI (64) boot: ## Label            Usage          Type ST Offset   Length[0m
[0;32mI (71) boot:  0 nvs              WiFi data        01 02 00009000 00006000[0m
[0;32mI (78) boot:  1 phy_init         RF data          01 01 0000f000 00001000[0m
[0;32mI (86) boot:  2 factory          factory app      00 00 00010000 00100000[0m
[0;32mI (93) boot: End of partition table[0m
[0;32mI (98) esp_image: segment 0: paddr=00010020 vaddr=3f400020 size=0b7f0h ( 47088) map[0m
[0;32mI (123) esp_image: segment 1: paddr=0001b818 vaddr=3ff80063 size=00008h (     8) [0m
[0;32mI (123) esp_image: segment 2: paddr=0001b828 vaddr=3ffb0000 size=02228h (  8744) load[0m
[0;32mI (132) esp_image: segment 3: paddr=0001da58 vaddr=40080000 size=025c0h (  9664) load[0m
[0;32mI (141) esp_image: segment 4: paddr=00020020 vaddr=400d0020 size=19fcch (106444) map[0m
[0;32mI (184) esp_image: segment 5: paddr=00039ff4 vaddr=400825c0 size=0b320h ( 45856) load[0m
[0;32mI (203) esp_image: segment 6: paddr=0004531c vaddr=400c0000 size=00064h (   100) [0m
[0;32mI (204) esp_image: segment 7: paddr=00045388 vaddr=50000000 size=00010h (    16) [0m
[0;32mI (215) boot: Loaded app from partition at offset 0x10000[0m
[0;32mI (215) boot: Disabling RNG early entropy source...[0m
[0;32mI (231) cpu_start: Multicore app[0m
[0;32mI (231) cpu_start: Pro cpu up.[0m
[0;32mI (232) cpu_start: Starting app cpu, entry point is 0x400811c4[0m
[0;32mI (0) cpu_start: App cpu up.[0m
[0;32mI (249) cpu_start: Pro cpu start user code[0m
[0;32mI (249) cpu_start: cpu freq: 160000000 Hz[0m
[0;32mI (250) cpu_start: Application information:[0m
[0;32mI (254) cpu_start: Project name:     low-power-dashboard[0m
[0;32mI (260) cpu_start: App version:      b1c41bd-dirty[0m
[0;32mI (266) cpu_start: Compile time:     Jan 10 2024 17:59:23[0m
[0;32mI (272) cpu_start: ELF file SHA256:  2ffae2d43...[0m
[0;32mI (277) cpu_start: ESP-IDF:          v5.2-dev-3065-g272b4091f1[0m
[0;32mI (284) cpu_start: Min chip rev:     v0.0[0m
[0;32mI (288) cpu_start: Max chip rev:     v3.99 [0m
[0;32mI (293) cpu_start: Chip rev:         v3.1[0m
[0;32mI (298) heap_init: Initializing. RAM available for dynamic allocation:[0m
[0;32mI (305) heap_init: At 3FFAE6E0 len 00001920 (6 KiB): DRAM[0m
[0;32mI (311) heap_init: At 3FFB2CB0 len 0002D350 (180 KiB): DRAM[0m
[0;32mI (317) heap_init: At 3FFE0440 len 00003AE0 (14 KiB): D/IRAM[0m
[0;32mI (324) heap_init: At 3FFE4350 len 0001BCB0 (111 KiB): D/IRAM[0m
[0;32mI (330) heap_init: At 4008D8E0 len 00012720 (73 KiB): IRAM[0m
[0;32mI (338) spi_flash: detected chip: gd[0m
[0;32mI (341) spi_flash: flash io: dio[0m
[0;33mW (344) spi_flash: Detected size(8192k) larger than the size in the binary image header(2048k). Using the size in the binary image header.[0m
[0;33mW (358) ADC: legacy driver is deprecated, please migrate to `esp_adc/adc_oneshot.h`[0m
[0;32mI (366) app_start: Starting scheduler on CPU0[0m
[0;32mI (371) app_start: Starting scheduler on CPU1[0m
[0;32mI (371) main_task: Started on CPU0[0m
[0;32mI (381) main_task: Calling app_main()[0m
Ini NVS: 0
Load data: 0
WIFI SSID:ssid
 PASS:pass TIME:10
Save to NVS: 0
Enabling timer wakeup, 10s
Enabling EXT1 wakeup on pins GPIO33
Entering deep sleep
ets Jul 29 2019 12:21:46

rst:0x5 (DEEPSLEEP_RESET),boot:0x13 (SPI_FAST_FLASH_BOOT)
configsip: 0, SPIWP:0xee
clk_drv:0x00,q_drv:0x00,d_drv:0x00,cs0_drv:0x00,hd_drv:0x00,wp_drv:0x00
mode:DIO, clock div:2
load:0x3fff0030,len:7140
load:0x40078000,len:15780
load:0x40080400,len:4
ho 8 tail 4 room 4
load:0x40080404,len:3884
entry 0x40080650
[0;32mI (31) boot: ESP-IDF v5.2-dev-3065-g272b4091f1 2nd stage bootloader[0m
[0;32mI (31) boot: compile time Oct  4 2023 21:11:25[0m
[0;32mI (33) boot: Multicore bootloader[0m
[0;32mI (37) boot: chip revision: v3.1[0m
[0;32mI (41) boot.esp32: SPI Speed      : 40MHz[0m
[0;32mI (46) boot.esp32: SPI Mode       : DIO[0m
[0;32mI (50) boot.esp32: SPI Flash Size : 2MB[0m
[0;32mI (55) boot: Enabling RNG early entropy source...[0m
[0;32mI (60) boot: Partition Table:[0m
[0;32mI (64) boot: ## Label            Usage          Type ST Offset   Length[0m
[0;32mI (71) boot:  0 nvs              WiFi data        01 02 00009000 00006000[0m
[0;32mI (78) boot:  1 phy_init         RF data          01 01 0000f000 00001000[0m
[0;32mI (86) boot:  2 factory          factory app      00 00 00010000 00100000[0m
[0;32mI (93) boot: End of partition table[0m
[0;32mI (98) esp_image: segment 0: paddr=00010020 vaddr=3f400020 size=0b7f0h ( 47088) map[0m
[0;32mI (123) esp_image: segment 1: paddr=0001b818 vaddr=3ff80063 size=00008h (     8) [0m
[0;32mI (123) esp_image: segment 2: paddr=0001b828 vaddr=3ffb0000 size=02228h (  8744) load[0m
[0;32mI (132) esp_image: segment 3: paddr=0001da58 vaddr=40080000 size=025c0h (  9664) load[0m
[0;32mI (141) esp_image: segment 4: paddr=00020020 vaddr=400d0020 size=19fcch (106444) map[0m
[0;32mI (184) esp_image: segment 5: paddr=00039ff4 vaddr=400825c0 size=0b320h ( 45856) load[0m
[0;32mI (203) esp_image: segment 6: paddr=0004531c vaddr=400c0000 size=00064h (   100) [0m
[0;32mI (204) esp_image: segment 7: paddr=00045388 vaddr=50000000 size=00010h (    16) [0m
[0;32mI (215) boot: Loaded app from partition at offset 0x10000[0m
[0;32mI (215) boot: Disabling RNG early entropy source...[0m
[0;32mI (231) cpu_start: Multicore app[0m
[0;32mI (231) cpu_start: Pro cpu up.[0m
[0;32mI (232) cpu_start: Starting app cpu, entry point is 0x400811c4[0m
[0;32mI (0) cpu_start: App cpu up.[0m
[0;32mI (249) cpu_start: Pro cpu start user code[0m
[0;32mI (249) cpu_start: cpu freq: 160000000 Hz[0m
[0;32mI (250) cpu_start: Application information:[0m
[0;32mI (254) cpu_start: Project name:     low-power-dashboard[0m
[0;32mI (260) cpu_start: App version:      b1c41bd-dirty[0m
[0;32mI (266) cpu_start: Compile time:     Jan 10 2024 17:59:23[0m
[0;32mI (272) cpu_start: ELF file SHA256:  2ffae2d43...[0m
[0;32mI (277) cpu_start: ESP-IDF:          v5.2-dev-3065-g272b4091f1[0m
[0;32mI (284) cpu_start: Min chip rev:     v0.0[0m
[0;32mI (288) cpu_start: Max chip rev:     v3.99 [0m
[0;32mI (293) cpu_start: Chip rev:         v3.1[0m
[0;32mI (298) heap_init: Initializing. RAM available for dynamic allocation:[0m
[0;32mI (305) heap_init: At 3FFAE6E0 len 00001920 (6 KiB): DRAM[0m
[0;32mI (311) heap_init: At 3FFB2CB0 len 0002D350 (180 KiB): DRAM[0m
[0;32mI (317) heap_init: At 3FFE0440 len 00003AE0 (14 KiB): D/IRAM[0m
[0;32mI (324) heap_init: At 3FFE4350 len 0001BCB0 (111 KiB): D/IRAM[0m
[0;32mI (330) heap_init: At 4008D8E0 len 00012720 (73 KiB): IRAM[0m
[0;32mI (338) spi_flash: detected chip: gd[0m
[0;32mI (341) spi_flash: flash io: dio[0m
[0;33mW (344) spi_flash: Detected size(8192k) larger than the size in the binary image header(2048k). Using the size in the binary image header.[0m
[0;33mW (358) ADC: legacy driver is deprecated, please migrate to `esp_adc/adc_oneshot.h`[0m
[0;32mI (366) app_start: Starting scheduler on CPU0[0m
[0;32mI (371) app_start: Starting scheduler on CPU1[0m
[0;32mI (371) main_task: Started on CPU0[0m
[0;32mI (381) main_task: Calling app_main()[0m
Ini NVS: 0
Load data: 0
WIFI SSID:ssid
 PASS:pass TIME:10
Save to NVS: 0
Enabling timer wakeup, 10s
Enabling EXT1 wakeup on pins GPIO33
Entering deep sleep
ets Jul 29 2019 12:21:46

rst:0x5 (DEEPSLEEP_RESET),boot:0x13 (SPI_FAST_FLASH_BOOT)
configsip: 0, SPIWP:0xee
clk_drv:0x00,q_drv:0x00,d_drv:0x00,cs0_drv:0x00,hd_drv:0x00,wp_drv:0x00
mode:DIO, clock div:2
load:0x3fff0030,len:7140
load:0x40078000,len:15780
load:0x40080400,len:4
ho 8 tail 4 room 4
load:0x40080404,len:3884
entry 0x40080650
[0;32mI (31) boot: ESP-IDF v5.2-dev-3065-g272b4091f1 2nd stage bootloader[0m
[0;32mI (31) boot: compile time Oct  4 2023 21:11:25[0m
[0;32mI (33) boot: Multicore bootloader[0m
[0;32mI (37) boot: chip revision: v3.1[0m
[0;32mI (41) boot.esp32: SPI Speed      : 40MHz[0m
[0;32mI (46) boot.esp32: SPI Mode       : DIO[0m
[0;32mI (50) boot.esp32: SPI Flash Size : 2MB[0m
[0;32mI (55) boot: Enabling RNG early entropy source...[0m
[0;32mI (60) boot: Partition Table:[0m
[0;32mI (64) boot: ## Label            Usage          Type ST Offset   Length[0m
[0;32mI (71) boot:  0 nvs              WiFi data        01 02 00009000 00006000[0m
[0;32mI (78) boot:  1 phy_init         RF data          01 01 0000f000 00001000[0m
[0;32mI (86) boot:  2 factory          factory app      00 00 00010000 00100000[0m
[0;32mI (93) boot: End of partition table[0m
[0;32mI (98) esp_image: segment 0: paddr=00010020 vaddr=3f400020 size=0b7f0h ( 47088) map[0m
[0;32mI (123) esp_image: segment 1: paddr=0001b818 vaddr=3ff80063 size=00008h (     8) [0m
[0;32mI (123) esp_image: segment 2: paddr=0001b828 vaddr=3ffb0000 size=02228h (  8744) load[0m
[0;32mI (132) esp_image: segment 3: paddr=0001da58 vaddr=40080000 size=025c0h (  9664) load[0m
[0;32mI (141) esp_image: segment 4: paddr=00020020 vaddr=400d0020 size=19fcch (106444) map[0m
[0;32mI (184) esp_image: segment 5: paddr=00039ff4 vaddr=400825c0 size=0b320h ( 45856) load[0m
[0;32mI (203) esp_image: segment 6: paddr=0004531c vaddr=400c0000 size=00064h (   100) [0m
[0;32mI (204) esp_image: segment 7: paddr=00045388 vaddr=50000000 size=00010h (    16) [0m
[0;32mI (215) boot: Loaded app from partition at offset 0x10000[0m
[0;32mI (215) boot: Disabling RNG early entropy source...[0m
[0;32mI (231) cpu_start: Multicore app[0m
[0;32mI (231) cpu_start: Pro cpu up.[0m
[0;32mI (232) cpu_start: Starting app cpu, entry point is 0x400811c4[0m
[0;32mI (0) cpu_start: App cpu up.[0m
[0;32mI (249) cpu_start: Pro cpu start user code[0m
[0;32mI (249) cpu_start: cpu freq: 160000000 Hz[0m
[0;32mI (250) cpu_start: Application information:[0m
[0;32mI (254) cpu_start: Project name:     low-power-dashboard[0m
[0;32mI (260) cpu_start: App version:      b1c41bd-dirty[0m
[0;32mI (266) cpu_start: Compile time:     Jan 10 2024 17:59:23[0m
[0;32mI (272) cpu_start: ELF file SHA256:  2ffae2d43...[0m
[0;32mI (277) cpu_start: ESP-IDF:          v5.2-dev-3065-g272b4091f1[0m
[0;32mI (284) cpu_start: Min chip rev:     v0.0[0m
[0;32mI (288) cpu_start: Max chip rev:     v3.99 [0m
[0;32mI (293) cpu_start: Chip rev:         v3.1[0m
[0;32mI (298) heap_init: Initializing. RAM available for dynamic allocation:[0m
[0;32mI (305) heap_init: At 3FFAE6E0 len 00001920 (6 KiB): DRAM[0m
[0;32mI (311) heap_init: At 3FFB2CB0 len 0002D350 (180 KiB): DRAM[0m
[0;32mI (317) heap_init: At 3FFE0440 len 00003AE0 (14 KiB): D/IRAM[0m
[0;32mI (324) heap_init: At 3FFE4350 len 0001BCB0 (111 KiB): D/IRAM[0m
[0;32mI (330) heap_init: At 4008D8E0 len 00012720 (73 KiB): IRAM[0m
[0;32mI (338) spi_flash: detected chip: gd[0m
[0;32mI (341) spi_flash: flash io: dio[0m
[0;33mW (344) spi_flash: Detected size(8192k) larger than the size in the binary image header(2048k). Using the size in the binary image header.[0m
[0;33mW (358) ADC: legacy driver is deprecated, please migrate to `esp_adc/adc_oneshot.h`[0m
[0;32mI (366) app_start: Starting scheduler on CPU0[0m
[0;32mI (371) app_start: Starting scheduler on CPU1[0m
[0;32mI (371) main_task: Started on CPU0[0m
[0;32mI (381) main_task: Calling app_main()[0m
Ini NVS: 0
Load data: 0
WIFI SSID:ssid
 PASS:pass TIME:10
Save to NVS: 0
Enabling timer wakeup, 10s
Enabling EXT1 wakeup on pins GPIO33
Entering deep sleep
ets Jul 29 2019 12:21:46

rst:0x5 (DEEPSLEEP_RESET),boot:0x13 (SPI_FAST_FLASH_BOOT)
configsip: 0, SPIWP:0xee
clk_drv:0x00,q_drv:0x00,d_drv:0x00,cs0_drv:0x00,hd_drv:0x00,wp_drv:0x00
mode:DIO, clock div:2
load:0x3fff0030,len:7140
load:0x40078000,len:15780
load:0x40080400,len:4
ho 8 tail 4 room 4
load:0x40080404,len:3884
entry 0x40080650
[0;32mI (31) boot: ESP-IDF v5.2-dev-3065-g272b4091f1 2nd stage bootloader[0m
[0;32mI (31) boot: compile time Oct  4 2023 21:11:25[0m
[0;32mI (33) boot: Multicore bootloader[0m
[0;32mI (37) boot: chip revision: v3.1[0m
[0;32mI (41) boot.esp32: SPI Speed      : 40MHz[0m
[0;32mI (46) boot.esp32: SPI Mode       : DIO[0m
[0;32mI (50) boot.esp32: SPI Flash Size : 2MB[0m
[0;32mI (55) boot: Enabling RNG early entropy source...[0m
[0;32mI (60) boot: Partition Table:[0m
[0;32mI (64) boot: ## Label            Usage          Type ST Offset   Length[0m
[0;32mI (71) boot:  0 nvs              WiFi data        01 02 00009000 00006000[0m
[0;32mI (78) boot:  1 phy_init         RF data          01 01 0000f000 00001000[0m
[0;32mI (86) boot:  2 factory          factory app      00 00 00010000 00100000[0m
[0;32mI (93) boot: End of partition table[0m
[0;32mI (98) esp_image: segment 0: paddr=00010020 vaddr=3f400020 size=0b7f0h ( 47088) map[0m
[0;32mI (123) esp_image: segment 1: paddr=0001b818 vaddr=3ff80063 size=00008h (     8) [0m
[0;32mI (123) esp_image: segment 2: paddr=0001b828 vaddr=3ffb0000 size=02228h (  8744) load[0m
[0;32mI (132) esp_image: segment 3: paddr=0001da58 vaddr=40080000 size=025c0h (  9664) load[0m
[0;32mI (141) esp_image: segment 4: paddr=00020020 vaddr=400d0020 size=19fcch (106444) map[0m
[0;32mI (184) esp_image: segment 5: paddr=00039ff4 vaddr=400825c0 size=0b320h ( 45856) load[0m
[0;32mI (203) esp_image: segment 6: paddr=0004531c vaddr=400c0000 size=00064h (   100) [0m
[0;32mI (204) esp_image: segment 7: paddr=00045388 vaddr=50000000 size=00010h (    16) [0m
[0;32mI (215) boot: Loaded app from partition at offset 0x10000[0m
[0;32mI (215) boot: Disabling RNG early entropy source...[0m
[0;32mI (231) cpu_start: Multicore app[0m
[0;32mI (231) cpu_start: Pro cpu up.[0m
[0;32mI (232) cpu_start: Starting app cpu, entry point is 0x400811c4[0m
[0;32mI (0) cpu_start: App cpu up.[0m
[0;32mI (249) cpu_start: Pro cpu start user code[0m
[0;32mI (249) cpu_start: cpu freq: 160000000 Hz[0m
[0;32mI (250) cpu_start: Application information:[0m
[0;32mI (254) cpu_start: Project name:     low-power-dashboard[0m
[0;32mI (260) cpu_start: App version:      b1c41bd-dirty[0m
[0;32mI (266) cpu_start: Compile time:     Jan 10 2024 17:59:23[0m
[0;32mI (272) cpu_start: ELF file SHA256:  2ffae2d43...[0m
[0;32mI (277) cpu_start: ESP-IDF:          v5.2-dev-3065-g272b4091f1[0m
[0;32mI (284) cpu_start: Min chip rev:     v0.0[0m
[0;32mI (288) cpu_start: Max chip rev:     v3.99 [0m
[0;32mI (293) cpu_start: Chip rev:         v3.1[0m
[0;32mI (298) heap_init: Initializing. RAM available for dynamic allocation:[0m
[0;32mI (305) heap_init: At 3FFAE6E0 len 00001920 (6 KiB): DRAM[0m
[0;32mI (311) heap_init: At 3FFB2CB0 len 0002D350 (180 KiB): DRAM[0m
[0;32mI (317) heap_init: At 3FFE0440 len 00003AE0 (14 KiB): D/IRAM[0m
[0;32mI (324) heap_init: At 3FFE4350 len 0001BCB0 (111 KiB): D/IRAM[0m
[0;32mI (330) heap_init: At 4008D8E0 len 00012720 (73 KiB): IRAM[0m
[0;32mI (338) spi_flash: detected chip: gd[0m
[0;32mI (341) spi_flash: flash io: dio[0m
[0;33mW (344) spi_flash: Detected size(8192k) larger than the size in the binary image header(2048k). Using the size in the binary image header.[0m
[0;33mW (358) ADC: legacy driver is deprecated, please migrate to `esp_adc/adc_oneshot.h`[0m
[0;32mI (366) app_start: Starting scheduler on CPU0[0m
[0;32mI (371) app_start: Starting scheduler on CPU1[0m
[0;32mI (371) main_task: Started on CPU0[0m
[0;32mI (381) main_task: Calling app_main()[0m
Ini NVS: 0
Load data: 0
WIFI SSID:ssid
 PASS:pass TIME:10
Save to NVS: 0
Enabling timer wakeup, 10s
Enabling EXT1 wakeup on pins GPIO33
Entering deep sleep
ets Jul 29 2019 12:21:46

rst:0x5 (DEEPSLEEP_RESET),boot:0x13 (SPI_FAST_FLASH_BOOT)
configsip: 0, SPIWP:0xee
clk_drv:0x00,q_drv:0x00,d_drv:0x00,cs0_drv:0x00,hd_drv:0x00,wp_drv:0x00
mode:DIO, clock div:2
load:0x3fff0030,len:7140
load:0x40078000,len:15780
load:0x40080400,len:4
ho 8 tail 4 room 4
load:0x40080404,len:3884
entry 0x40080650
[0;32mI (31) boot: ESP-IDF v5.2-dev-3065-g272b4091f1 2nd stage bootloader[0m
[0;32mI (31) boot: compile time Oct  4 2023 21:11:25[0m
[0;32mI (33) boot: Multicore bootloader[0m
[0;32mI (37) boot: chip revision: v3.1[0m
[0;32mI (41) boot.esp32: SPI Speed      : 40MHz[0m
[0;32mI (46) boot.esp32: SPI Mode       : DIO[0m
[0;32mI (50) boot.esp32: SPI Flash Size : 2MB[0m
[0;32mI (55) boot: Enabling RNG early entropy source...[0m
[0;32mI (60) boot: Partition Table:[0m
[0;32mI (64) boot: ## Label            Usage          Type ST Offset   Length[0m
[0;32mI (71) boot:  0 nvs              WiFi data        01 02 00009000 00006000[0m
[0;32mI (78) boot:  1 phy_init         RF data          01 01 0000f000 00001000[0m
[0;32mI (86) boot:  2 factory          factory app      00 00 00010000 00100000[0m
[0;32mI (93) boot: End of partition table[0m
[0;32mI (98) esp_image: segment 0: paddr=00010020 vaddr=3f400020 size=0b7f0h ( 47088) map[0m
[0;32mI (123) esp_image: segment 1: paddr=0001b818 vaddr=3ff80063 size=00008h (     8) [0m
[0;32mI (123) esp_image: segment 2: paddr=0001b828 vaddr=3ffb0000 size=02228h (  8744) load[0m
[0;32mI (132) esp_image: segment 3: paddr=0001da58 vaddr=40080000 size=025c0h (  9664) load[0m
[0;32mI (141) esp_image: segment 4: paddr=00020020 vaddr=400d0020 size=19fcch (106444) map[0m
[0;32mI (184) esp_image: segment 5: paddr=00039ff4 vaddr=400825c0 size=0b320h ( 45856) load[0m
[0;32mI (203) esp_image: segment 6: paddr=0004531c vaddr=400c0000 size=00064h (   100) [0m
[0;32mI (204) esp_image: segment 7: paddr=00045388 vaddr=50000000 size=00010h (    16) [0m
[0;32mI (215) boot: Loaded app from partition at offset 0x10000[0m
[0;32mI (215) boot: Disabling RNG early entropy source...[0m
[0;32mI (231) cpu_start: Multicore app[0m
[0;32mI (231) cpu_start: Pro cpu up.[0m
[0;32mI (232) cpu_start: Starting app cpu, entry point is 0x400811c4[0m
[0;32mI (0) cpu_start: App cpu up.[0m
[0;32mI (249) cpu_start: Pro cpu start user code[0m
[0;32mI (249) cpu_start: cpu freq: 160000000 Hz[0m
[0;32mI (250) cpu_start: Application information:[0m
[0;32mI (254) cpu_start: Project name:     low-power-dashboard[0m
[0;32mI (260) cpu_start: App version:      b1c41bd-dirty[0m
[0;32mI (266) cpu_start: Compile time:     Jan 10 2024 17:59:23[0m
[0;32mI (272) cpu_start: ELF file SHA256:  2ffae2d43...[0m
[0;32mI (277) cpu_start: ESP-IDF:          v5.2-dev-3065-g272b4091f1[0m
[0;32mI (284) cpu_start: Min chip rev:     v0.0[0m
[0;32mI (288) cpu_start: Max chip rev:     v3.99 [0m
[0;32mI (293) cpu_start: Chip rev:         v3.1[0m
[0;32mI (298) heap_init: Initializing. RAM available for dynamic allocation:[0m
[0;32mI (305) heap_init: At 3FFAE6E0 len 00001920 (6 KiB): DRAM[0m
[0;32mI (311) heap_init: At 3FFB2CB0 len 0002D350 (180 KiB): DRAM[0m
[0;32mI (317) heap_init: At 3FFE0440 len 00003AE0 (14 KiB): D/IRAM[0m
[0;32mI (324) heap_init: At 3FFE4350 len 0001BCB0 (111 KiB): D/IRAM[0m
[0;32mI (330) heap_init: At 4008D8E0 len 00012720 (73 KiB): IRAM[0m
[0;32mI (338) spi_flash: detected chip: gd[0m
[0;32mI (341) spi_flash: flash io: dio[0m
[0;33mW (344) spi_flash: Detected size(8192k) larger than the size in the binary image header(2048k). Using the size in the binary image header.[0m
[0;33mW (358) ADC: legacy driver is deprecated, please migrate to `esp_adc/adc_oneshot.h`[0m
[0;32mI (366) app_start: Starting scheduler on CPU0[0m
[0;32mI (371) app_start: Starting scheduler on CPU1[0m
[0;32mI (371) main_task: Started on CPU0[0m
[0;32mI (381) main_task: Calling app_main()[0m
Ini NVS: 0
Load data: 0
WIFI SSID:ssid
 PASS:pass TIME:10
Save to NVS: 0
Enabling timer wakeup, 10s
Enabling EXT1 wakeup on pins GPIO33
Entering deep sleep
ets Jul 29 2019 12:21:46

rst:0x5 (DEEPSLEEP_RESET),boot:0x13 (SPI_FAST_FLASH_BOOT)
configsip: 0, SPIWP:0xee
clk_drv:0x00,q_drv:0x00,d_drv:0x00,cs0_drv:0x00,hd_drv:0x00,wp_drv:0x00
mode:DIO, clock div:2
load:0x3fff0030,len:7140
load:0x40078000,len:15780
load:0x40080400,len:4
ho 8 tail 4 room 4
load:0x40080404,len:3884
entry 0x40080650
[0;32mI (31) boot: ESP-IDF v5.2-dev-3065-g272b4091f1 2nd stage bootloader[0m
[0;32mI (31) boot: compile time Oct  4 2023 21:11:25[0m
[0;32mI (33) boot: Multicore bootloader[0m
[0;32mI (37) boot: chip revision: v3.1[0m
[0;32mI (41) boot.esp32: SPI Speed      : 40MHz[0m
[0;32mI (46) boot.esp32: SPI Mode       : DIO[0m
[0;32mI (50) boot.esp32: SPI Flash Size : 2MB[0m
[0;32mI (55) boot: Enabling RNG early entropy source...[0m
[0;32mI (60) boot: Partition Table:[0m
[0;32mI (64) boot: ## Label            Usage          Type ST Offset   Length[0m
[0;32mI (71) boot:  0 nvs              WiFi data        01 02 00009000 00006000[0m
[0;32mI (78) boot:  1 phy_init         RF data          01 01 0000f000 00001000[0m
[0;32mI (86) boot:  2 factory          factory app      00 00 00010000 00100000[0m
[0;32mI (93) boot: End of partition table[0m
[0;32mI (98) esp_image: segment 0: paddr=00010020 vaddr=3f400020 size=0b7f0h ( 47088) map[0m
[0;32mI (123) esp_image: segment 1: paddr=0001b818 vaddr=3ff80063 size=00008h (     8) [0m
[0;32mI (123) esp_image: segment 2: paddr=0001b828 vaddr=3ffb0000 size=02228h (  8744) load[0m
[0;32mI (132) esp_image: segment 3: paddr=0001da58 vaddr=40080000 size=025c0h (  9664) load[0m
[0;32mI (141) esp_image: segment 4: paddr=00020020 vaddr=400d0020 size=19fcch (106444) map[0m
[0;32mI (184) esp_image: segment 5: paddr=00039ff4 vaddr=400825c0 size=0b320h ( 45856) load[0m
[0;32mI (203) esp_image: segment 6: paddr=0004531c vaddr=400c0000 size=00064h (   100) [0m
[0;32mI (204) esp_image: segment 7: paddr=00045388 vaddr=50000000 size=00010h (    16) [0m
[0;32mI (215) boot: Loaded app from partition at offset 0x10000[0m
[0;32mI (215) boot: Disabling RNG early entropy source...[0m
[0;32mI (231) cpu_start: Multicore app[0m
[0;32mI (231) cpu_start: Pro cpu up.[0m
[0;32mI (232) cpu_start: Starting app cpu, entry point is 0x400811c4[0m
[0;32mI (0) cpu_start: App cpu up.[0m
[0;32mI (249) cpu_start: Pro cpu start user code[0m
[0;32mI (249) cpu_start: cpu freq: 160000000 Hz[0m
[0;32mI (250) cpu_start: Application information:[0m
[0;32mI (254) cpu_start: Project name:     low-power-dashboard[0m
[0;32mI (260) cpu_start: App version:      b1c41bd-dirty[0m
[0;32mI (266) cpu_start: Compile time:     Jan 10 2024 17:59:23[0m
[0;32mI (272) cpu_start: ELF file SHA256:  2ffae2d43...[0m
[0;32mI (277) cpu_start: ESP-IDF:          v5.2-dev-3065-g272b4091f1[0m
[0;32mI (284) cpu_start: Min chip rev:     v0.0[0m
[0;32mI (288) cpu_start: Max chip rev:     v3.99 [0m
[0;32mI (293) cpu_start: Chip rev:         v3.1[0m
[0;32mI (298) heap_init: Initializing. RAM available for dynamic allocation:[0m
[0;32mI (305) heap_init: At 3FFAE6E0 len 00001920 (6 KiB): DRAM[0m
[0;32mI (311) heap_init: At 3FFB2CB0 len 0002D350 (180 KiB): DRAM[0m
[0;32mI (317) heap_init: At 3FFE0440 len 00003AE0 (14 KiB): D/IRAM[0m
[0;32mI (324) heap_init: At 3FFE4350 len 0001BCB0 (111 KiB): D/IRAM[0m
[0;32mI (330) heap_init: At 4008D8E0 len 00012720 (73 KiB): IRAM[0m
[0;32mI (338) spi_flash: detected chip: gd[0m
[0;32mI (341) spi_flash: flash io: dio[0m
[0;33mW (344) spi_flash: Detected size(8192k) larger than the size in the binary image header(2048k). Using the size in the binary image header.[0m
[0;33mW (358) ADC: legacy driver is deprecated, please migrate to `esp_adc/adc_oneshot.h`[0m
[0;32mI (366) app_start: Starting scheduler on CPU0[0m
[0;32mI (371) app_start: Starting scheduler on CPU1[0m
[0;32mI (371) main_task: Started on CPU0[0m
[0;32mI (381) main_task: Calling app_main()[0m
Ini NVS: 0
Load data: 0
WIFI SSID:ssid
 PASS:pass TIME:10
Save to NVS: 0
Enabling timer wakeup, 10s
Enabling EXT1 wakeup on pins GPIO33
Entering deep sleep
ets Jul 29 2019 12:21:46

rst:0x5 (DEEPSLEEP_RESET),boot:0x13 (SPI_FAST_FLASH_BOOT)
configsip: 0, SPIWP:0xee
clk_drv:0x00,q_drv:0x00,d_drv:0x00,cs0_drv:0x00,hd_drv:0x00,wp_drv:0x00
mode:DIO, clock div:2
load:0x3fff0030,len:7140
load:0x40078000,len:15780
load:0x40080400,len:4
ho 8 tail 4 room 4
load:0x40080404,len:3884
entry 0x40080650
[0;32mI (31) boot: ESP-IDF v5.2-dev-3065-g272b4091f1 2nd stage bootloader[0m
[0;32mI (31) boot: compile time Oct  4 2023 21:11:25[0m
[0;32mI (33) boot: Multicore bootloader[0m
[0;32mI (37) boot: chip revision: v3.1[0m
[0;32mI (41) boot.esp32: SPI Speed      : 40MHz[0m
[0;32mI (46) boot.esp32: SPI Mode       : DIO[0m
[0;32mI (50) boot.esp32: SPI Flash Size : 2MB[0m
[0;32mI (55) boot: Enabling RNG early entropy source...[0m
[0;32mI (60) boot: Partition Table:[0m
[0;32mI (64) boot: ## Label            Usage          Type ST Offset   Length[0m
[0;32mI (71) boot:  0 nvs              WiFi data        01 02 00009000 00006000[0m
[0;32mI (78) boot:  1 phy_init         RF data          01 01 0000f000 00001000[0m
[0;32mI (86) boot:  2 factory          factory app      00 00 00010000 00100000[0m
[0;32mI (93) boot: End of partition table[0m
[0;32mI (98) esp_image: segment 0: paddr=00010020 vaddr=3f400020 size=0b7f0h ( 47088) map[0m
[0;32mI (123) esp_image: segment 1: paddr=0001b818 vaddr=3ff80063 size=00008h (     8) [0m
[0;32mI (123) esp_image: segment 2: paddr=0001b828 vaddr=3ffb0000 size=02228h (  8744) load[0m
[0;32mI (132) esp_image: segment 3: paddr=0001da58 vaddr=40080000 size=025c0h (  9664) load[0m
[0;32mI (141) esp_image: segment 4: paddr=00020020 vaddr=400d0020 size=19fcch (106444) map[0m
[0;32mI (184) esp_image: segment 5: paddr=00039ff4 vaddr=400825c0 size=0b320h ( 45856) load[0m
[0;32mI (203) esp_image: segment 6: paddr=0004531c vaddr=400c0000 size=00064h (   100) [0m
[0;32mI (204) esp_image: segment 7: paddr=00045388 vaddr=50000000 size=00010h (    16) [0m
[0;32mI (215) boot: Loaded app from partition at offset 0x10000[0m
[0;32mI (215) boot: Disabling RNG early entropy source...[0m
[0;32mI (231) cpu_start: Multicore app[0m
[0;32mI (231) cpu_start: Pro cpu up.[0m
[0;32mI (232) cpu_start: Starting app cpu, entry point is 0x400811c4[0m
[0;32mI (0) cpu_start: App cpu up.[0m
[0;32mI (249) cpu_start: Pro cpu start user code[0m
[0;32mI (249) cpu_start: cpu freq: 160000000 Hz[0m
[0;32mI (250) cpu_start: Application information:[0m
[0;32mI (254) cpu_start: Project name:     low-power-dashboard[0m
[0;32mI (260) cpu_start: App version:      b1c41bd-dirty[0m
[0;32mI (266) cpu_start: Compile time:     Jan 10 2024 17:59:23[0m
[0;32mI (272) cpu_start: ELF file SHA256:  2ffae2d43...[0m
[0;32mI (277) cpu_start: ESP-IDF:          v5.2-dev-3065-g272b4091f1[0m
[0;32mI (284) cpu_start: Min chip rev:     v0.0[0m
[0;32mI (288) cpu_start: Max chip rev:     v3.99 [0m
[0;32mI (293) cpu_start: Chip rev:         v3.1[0m
[0;32mI (298) heap_init: Initializing. RAM available for dynamic allocation:[0m
[0;32mI (305) heap_init: At 3FFAE6E0 len 00001920 (6 KiB): DRAM[0m
[0;32mI (311) heap_init: At 3FFB2CB0 len 0002D350 (180 KiB): DRAM[0m
[0;32mI (317) heap_init: At 3FFE0440 len 00003AE0 (14 KiB): D/IRAM[0m
[0;32mI (324) heap_init: At 3FFE4350 len 0001BCB0 (111 KiB): D/IRAM[0m
[0;32mI (330) heap_init: At 4008D8E0 len 00012720 (73 KiB): IRAM[0m
[0;32mI (338) spi_flash: detected chip: gd[0m
[0;32mI (341) spi_flash: flash io: dio[0m
[0;33mW (344) spi_flash: Detected size(8192k) larger than the size in the binary image header(2048k). Using the size in the binary image header.[0m
[0;33mW (358) ADC: legacy driver is deprecated, please migrate to `esp_adc/adc_oneshot.h`[0m
[0;32mI (366) app_start: Starting scheduler on CPU0[0m
[0;32mI (371) app_start: Starting scheduler on CPU1[0m
[0;32mI (371) main_task: Started on CPU0[0m
[0;32mI (381) main_task: Calling app_main()[0m
Ini NVS: 0
Load data: 0
WIFI SSID:ssid
 PASS:pass TIME:10
Save to NVS: 0
Enabling timer wakeup, 10s
Enabling EXT1 wakeup on pins GPIO33
Entering deep sleep
ets Jul 29 2019 12:21:46

rst:0x5 (DEEPSLEEP_RESET),boot:0x13 (SPI_FAST_FLASH_BOOT)
configsip: 0, SPIWP:0xee
clk_drv:0x00,q_drv:0x00,d_drv:0x00,cs0_drv:0x00,hd_drv:0x00,wp_drv:0x00
mode:DIO, clock div:2
load:0x3fff0030,len:7140
load:0x40078000,len:15780
load:0x40080400,len:4
ho 8 tail 4 room 4
load:0x40080404,len:3884
entry 0x40080650
[0;32mI (31) boot: ESP-IDF v5.2-dev-3065-g272b4091f1 2nd stage bootloader[0m
[0;32mI (31) boot: compile time Oct  4 2023 21:11:25[0m
[0;32mI (33) boot: Multicore bootloader[0m
[0;32mI (37) boot: chip revision: v3.1[0m
[0;32mI (41) boot.esp32: SPI Speed      : 40MHz[0m
[0;32mI (46) boot.esp32: SPI Mode       : DIO[0m
[0;32mI (50) boot.esp32: SPI Flash Size : 2MB[0m
[0;32mI (55) boot: Enabling RNG early entropy source...[0m
[0;32mI (60) boot: Partition Table:[0m
[0;32mI (64) boot: ## Label            Usage          Type ST Offset   Length[0m
[0;32mI (71) boot:  0 nvs              WiFi data        01 02 00009000 00006000[0m
[0;32mI (78) boot:  1 phy_init         RF data          01 01 0000f000 00001000[0m
[0;32mI (86) boot:  2 factory          factory app      00 00 00010000 00100000[0m
[0;32mI (93) boot: End of partition table[0m
[0;32mI (98) esp_image: segment 0: paddr=00010020 vaddr=3f400020 size=0b7f0h ( 47088) map[0m
[0;32mI (123) esp_image: segment 1: paddr=0001b818 vaddr=3ff80063 size=00008h (     8) [0m
[0;32mI (123) esp_image: segment 2: paddr=0001b828 vaddr=3ffb0000 size=02228h (  8744) load[0m
[0;32mI (132) esp_image: segment 3: paddr=0001da58 vaddr=40080000 size=025c0h (  9664) load[0m
[0;32mI (141) esp_image: segment 4: paddr=00020020 vaddr=400d0020 size=19fcch (106444) map[0m
[0;32mI (184) esp_image: segment 5: paddr=00039ff4 vaddr=400825c0 size=0b320h ( 45856) load[0m
[0;32mI (203) esp_image: segment 6: paddr=0004531c vaddr=400c0000 size=00064h (   100) [0m
[0;32mI (204) esp_image: segment 7: paddr=00045388 vaddr=50000000 size=00010h (    16) [0m
[0;32mI (215) boot: Loaded app from partition at offset 0x10000[0m
[0;32mI (215) boot: Disabling RNG early entropy source...[0m
[0;32mI (231) cpu_start: Multicore app[0m
[0;32mI (231) cpu_start: Pro cpu up.[0m
[0;32mI (232) cpu_start: Starting app cpu, entry point is 0x400811c4[0m
[0;32mI (0) cpu_start: App cpu up.[0m
[0;32mI (249) cpu_start: Pro cpu start user code[0m
[0;32mI (249) cpu_start: cpu freq: 160000000 Hz[0m
[0;32mI (250) cpu_start: Application information:[0m
[0;32mI (254) cpu_start: Project name:     low-power-dashboard[0m
[0;32mI (260) cpu_start: App version:      b1c41bd-dirty[0m
[0;32mI (266) cpu_start: Compile time:     Jan 10 2024 17:59:23[0m
[0;32mI (272) cpu_start: ELF file SHA256:  2ffae2d43...[0m
[0;32mI (277) cpu_start: ESP-IDF:          v5.2-dev-3065-g272b4091f1[0m
[0;32mI (284) cpu_start: Min chip rev:     v0.0[0m
[0;32mI (288) cpu_start: Max chip rev:     v3.99 [0m
[0;32mI (293) cpu_start: Chip rev:         v3.1[0m
[0;32mI (298) heap_init: Initializing. RAM available for dynamic allocation:[0m
[0;32mI (305) heap_init: At 3FFAE6E0 len 00001920 (6 KiB): DRAM[0m
[0;32mI (311) heap_init: At 3FFB2CB0 len 0002D350 (180 KiB): DRAM[0m
[0;32mI (317) heap_init: At 3FFE0440 len 00003AE0 (14 KiB): D/IRAM[0m
[0;32mI (324) heap_init: At 3FFE4350 len 0001BCB0 (111 KiB): D/IRAM[0m
[0;32mI (330) heap_init: At 4008D8E0 len 00012720 (73 KiB): IRAM[0m
[0;32mI (338) spi_flash: detected chip: gd[0m
[0;32mI (341) spi_flash: flash io: dio[0m
[0;33mW (344) spi_flash: Detected size(8192k) larger than the size in the binary image header(2048k). Using the size in the binary image header.[0m
[0;33mW (358) ADC: legacy driver is deprecated, please migrate to `esp_adc/adc_oneshot.h`[0m
[0;32mI (366) app_start: Starting scheduler on CPU0[0m
[0;32mI (371) app_start: Starting scheduler on CPU1[0m
[0;32mI (371) main_task: Started on CPU0[0m
[0;32mI (381) main_task: Calling app_main()[0m
Ini NVS: 0
Load data: 0
WIFI SSID:ssid
 PASS:pass TIME:10
Save to NVS: 0
Enabling timer wakeup, 10s
Enabling EXT1 wakeup on pins GPIO33
Entering deep sleep
ets Jul 29 2019 12:21:46

rst:0x5 (DEEPSLEEP_RESET),boot:0x13 (SPI_FAST_FLASH_BOOT)
configsip: 0, SPIWP:0xee
clk_drv:0x00,q_drv:0x00,d_drv:0x00,cs0_drv:0x00,hd_drv:0x00,wp_drv:0x00
mode:DIO, clock div:2
load:0x3fff0030,len:7140
load:0x40078000,len:15780
load:0x40080400,len:4
ho 8 tail 4 room 4
load:0x40080404,len:3884
entry 0x40080650
[0;32mI (31) boot: ESP-IDF v5.2-dev-3065-g272b4091f1 2nd stage bootloader[0m
[0;32mI (31) boot: compile time Oct  4 2023 21:11:25[0m
[0;32mI (33) boot: Multicore bootloader[0m
[0;32mI (37) boot: chip revision: v3.1[0m
[0;32mI (41) boot.esp32: SPI Speed      : 40MHz[0m
[0;32mI (46) boot.esp32: SPI Mode       : DIO[0m
[0;32mI (50) boot.esp32: SPI Flash Size : 2MB[0m
[0;32mI (55) boot: Enabling RNG early entropy source...[0m
[0;32mI (60) boot: Partition Table:[0m
[0;32mI (64) boot: ## Label            Usage          Type ST Offset   Length[0m
[0;32mI (71) boot:  0 nvs              WiFi data        01 02 00009000 00006000[0m
[0;32mI (78) boot:  1 phy_init         RF data          01 01 0000f000 00001000[0m
[0;32mI (86) boot:  2 factory          factory app      00 00 00010000 00100000[0m
[0;32mI (93) boot: End of partition table[0m
[0;32mI (98) esp_image: segment 0: paddr=00010020 vaddr=3f400020 size=0b7f0h ( 47088) map[0m
[0;32mI (123) esp_image: segment 1: paddr=0001b818 vaddr=3ff80063 size=00008h (     8) [0m
[0;32mI (123) esp_image: segment 2: paddr=0001b828 vaddr=3ffb0000 size=02228h (  8744) load[0m
[0;32mI (132) esp_image: segment 3: paddr=0001da58 vaddr=40080000 size=025c0h (  9664) load[0m
[0;32mI (141) esp_image: segment 4: paddr=00020020 vaddr=400d0020 size=19fcch (106444) map[0m
[0;32mI (184) esp_image: segment 5: paddr=00039ff4 vaddr=400825c0 size=0b320h ( 45856) load[0m
[0;32mI (203) esp_image: segment 6: paddr=0004531c vaddr=400c0000 size=00064h (   100) [0m
[0;32mI (204) esp_image: segment 7: paddr=00045388 vaddr=50000000 size=00010h (    16) [0m
[0;32mI (215) boot: Loaded app from partition at offset 0x10000[0m
[0;32mI (215) boot: Disabling RNG early entropy source...[0m
[0;32mI (231) cpu_start: Multicore app[0m
[0;32mI (231) cpu_start: Pro cpu up.[0m
[0;32mI (232) cpu_start: Starting app cpu, entry point is 0x400811c4[0m
[0;32mI (0) cpu_start: App cpu up.[0m
[0;32mI (249) cpu_start: Pro cpu start user code[0m
[0;32mI (249) cpu_start: cpu freq: 160000000 Hz[0m
[0;32mI (250) cpu_start: Application information:[0m
[0;32mI (254) cpu_start: Project name:     low-power-dashboard[0m
[0;32mI (260) cpu_start: App version:      b1c41bd-dirty[0m
[0;32mI (266) cpu_start: Compile time:     Jan 10 2024 17:59:23[0m
[0;32mI (272) cpu_start: ELF file SHA256:  2ffae2d43...[0m
[0;32mI (277) cpu_start: ESP-IDF:          v5.2-dev-3065-g272b4091f1[0m
[0;32mI (284) cpu_start: Min chip rev:     v0.0[0m
[0;32mI (288) cpu_start: Max chip rev:     v3.99 [0m
[0;32mI (293) cpu_start: Chip rev:         v3.1[0m
[0;32mI (298) heap_init: Initializing. RAM available for dynamic allocation:[0m
[0;32mI (305) heap_init: At 3FFAE6E0 len 00001920 (6 KiB): DRAM[0m
[0;32mI (311) heap_init: At 3FFB2CB0 len 0002D350 (180 KiB): DRAM[0m
[0;32mI (317) heap_init: At 3FFE0440 len 00003AE0 (14 KiB): D/IRAM[0m
[0;32mI (324) heap_init: At 3FFE4350 len 0001BCB0 (111 KiB): D/IRAM[0m
[0;32mI (330) heap_init: At 4008D8E0 len 00012720 (73 KiB): IRAM[0m
[0;32mI (338) spi_flash: detected chip: gd[0m
[0;32mI (341) spi_flash: flash io: dio[0m
[0;33mW (344) spi_flash: Detected size(8192k) larger than the size in the binary image header(2048k). Using the size in the binary image header.[0m
[0;33mW (358) ADC: legacy driver is deprecated, please migrate to `esp_adc/adc_oneshot.h`[0m
[0;32mI (366) app_start: Starting scheduler on CPU0[0m
[0;32mI (371) app_start: Starting scheduler on CPU1[0m
[0;32mI (371) main_task: Started on CPU0[0m
[0;32mI (381) main_task: Calling app_main()[0m
Ini NVS: 0
Load data: 0
WIFI SSID:ssid
 PASS:pass TIME:10
Save to NVS: 0
Enabling timer wakeup, 10s
Enabling EXT1 wakeup on pins GPIO33
Entering deep sleep
ets Jul 29 2019 12:21:46

rst:0x5 (DEEPSLEEP_RESET),boot:0x13 (SPI_FAST_FLASH_BOOT)
configsip: 0, SPIWP:0xee
clk_drv:0x00,q_drv:0x00,d_drv:0x00,cs0_drv:0x00,hd_drv:0x00,wp_drv:0x00
mode:DIO, clock div:2
load:0x3fff0030,len:7140
load:0x40078000,len:15780
load:0x40080400,len:4
ho 8 tail 4 room 4
load:0x40080404,len:3884
entry 0x40080650
[0;32mI (31) boot: ESP-IDF v5.2-dev-3065-g272b4091f1 2nd stage bootloader[0m
[0;32mI (31) boot: compile time Oct  4 2023 21:11:25[0m
[0;32mI (33) boot: Multicore bootloader[0m
[0;32mI (37) boot: chip revision: v3.1[0m
[0;32mI (41) boot.esp32: SPI Speed      : 40MHz[0m
[0;32mI (46) boot.esp32: SPI Mode       : DIO[0m
[0;32mI (50) boot.esp32: SPI Flash Size : 2MB[0m
[0;32mI (55) boot: Enabling RNG early entropy source...[0m
[0;32mI (60) boot: Partition Table:[0m
[0;32mI (64) boot: ## Label            Usage          Type ST Offset   Length[0m
[0;32mI (71) boot:  0 nvs              WiFi data        01 02 00009000 00006000[0m
[0;32mI (78) boot:  1 phy_init         RF data          01 01 0000f000 00001000[0m
[0;32mI (86) boot:  2 factory          factory app      00 00 00010000 00100000[0m
[0;32mI (93) boot: End of partition table[0m
[0;32mI (98) esp_image: segment 0: paddr=00010020 vaddr=3f400020 size=0b7f0h ( 47088) map[0m
[0;32mI (123) esp_image: segment 1: paddr=0001b818 vaddr=3ff80063 size=00008h (     8) [0m
[0;32mI (123) esp_image: segment 2: paddr=0001b828 vaddr=3ffb0000 size=02228h (  8744) load[0m
[0;32mI (132) esp_image: segment 3: paddr=0001da58 vaddr=40080000 size=025c0h (  9664) load[0m
[0;32mI (141) esp_image: segment 4: paddr=00020020 vaddr=400d0020 size=19fcch (106444) map[0m
[0;32mI (184) esp_image: segment 5: paddr=00039ff4 vaddr=400825c0 size=0b320h ( 45856) load[0m
[0;32mI (203) esp_image: segment 6: paddr=0004531c vaddr=400c0000 size=00064h (   100) [0m
[0;32mI (204) esp_image: segment 7: paddr=00045388 vaddr=50000000 size=00010h (    16) [0m
[0;32mI (215) boot: Loaded app from partition at offset 0x10000[0m
[0;32mI (215) boot: Disabling RNG early entropy source...[0m
[0;32mI (231) cpu_start: Multicore app[0m
[0;32mI (231) cpu_start: Pro cpu up.[0m
[0;32mI (232) cpu_start: Starting app cpu, entry point is 0x400811c4[0m
[0;32mI (0) cpu_start: App cpu up.[0m
[0;32mI (249) cpu_start: Pro cpu start user code[0m
[0;32mI (249) cpu_start: cpu freq: 160000000 Hz[0m
[0;32mI (250) cpu_start: Application information:[0m
[0;32mI (254) cpu_start: Project name:     low-power-dashboard[0m
[0;32mI (260) cpu_start: App version:      b1c41bd-dirty[0m
[0;32mI (266) cpu_start: Compile time:     Jan 10 2024 17:59:23[0m
[0;32mI (272) cpu_start: ELF file SHA256:  2ffae2d43...[0m
[0;32mI (277) cpu_start: ESP-IDF:          v5.2-dev-3065-g272b4091f1[0m
[0;32mI (284) cpu_start: Min chip rev:     v0.0[0m
[0;32mI (288) cpu_start: Max chip rev:     v3.99 [0m
[0;32mI (293) cpu_start: Chip rev:         v3.1[0m
[0;32mI (298) heap_init: Initializing. RAM available for dynamic allocation:[0m
[0;32mI (305) heap_init: At 3FFAE6E0 len 00001920 (6 KiB): DRAM[0m
[0;32mI (311) heap_init: At 3FFB2CB0 len 0002D350 (180 KiB): DRAM[0m
[0;32mI (317) heap_init: At 3FFE0440 len 00003AE0 (14 KiB): D/IRAM[0m
[0;32mI (324) heap_init: At 3FFE4350 len 0001BCB0 (111 KiB): D/IRAM[0m
[0;32mI (330) heap_init: At 4008D8E0 len 00012720 (73 KiB): IRAM[0m
[0;32mI (338) spi_flash: detected chip: gd[0m
[0;32mI (341) spi_flash: flash io: dio[0m
[0;33mW (344) spi_flash: Detected size(8192k) larger than the size in the binary image header(2048k). Using the size in the binary image header.[0m
[0;33mW (358) ADC: legacy driver is deprecated, please migrate to `esp_adc/adc_oneshot.h`[0m
[0;32mI (366) app_start: Starting scheduler on CPU0[0m
[0;32mI (371) app_start: Starting scheduler on CPU1[0m
[0;32mI (371) main_task: Started on CPU0[0m
[0;32mI (381) main_task: Calling app_main()[0m
Ini NVS: 0
Load data: 0
WIFI SSID:ssid
 PASS:pass TIME:10
Save to NVS: 0
Enabling timer wakeup, 10s
Enabling EXT1 wakeup on pins GPIO33
Entering deep sleep
ets Jul 29 2019 12:21:46

rst:0x5 (DEEPSLEEP_RESET),boot:0x13 (SPI_FAST_FLASH_BOOT)
configsip: 0, SPIWP:0xee
clk_drv:0x00,q_drv:0x00,d_drv:0x00,cs0_drv:0x00,hd_drv:0x00,wp_drv:0x00
mode:DIO, clock div:2
load:0x3fff0030,len:7140
load:0x40078000,len:15780
load:0x40080400,len:4
ho 8 tail 4 room 4
load:0x40080404,len:3884
entry 0x40080650
[0;32mI (31) boot: ESP-IDF v5.2-dev-3065-g272b4091f1 2nd stage bootloader[0m
[0;32mI (31) boot: compile time Oct  4 2023 21:11:25[0m
[0;32mI (33) boot: Multicore bootloader[0m
[0;32mI (37) boot: chip revision: v3.1[0m
[0;32mI (41) boot.esp32: SPI Speed      : 40MHz[0m
[0;32mI (46) boot.esp32: SPI Mode       : DIO[0m
[0;32mI (50) boot.esp32: SPI Flash Size : 2MB[0m
[0;32mI (55) boot: Enabling RNG early entropy source...[0m
[0;32mI (60) boot: Partition Table:[0m
[0;32mI (64) boot: ## Label            Usage          Type ST Offset   Length[0m
[0;32mI (71) boot:  0 nvs              WiFi data        01 02 00009000 00006000[0m
[0;32mI (78) boot:  1 phy_init         RF data          01 01 0000f000 00001000[0m
[0;32mI (86) boot:  2 factory          factory app      00 00 00010000 00100000[0m
[0;32mI (93) boot: End of partition table[0m
[0;32mI (98) esp_image: segment 0: paddr=00010020 vaddr=3f400020 size=0b7f0h ( 47088) map[0m
[0;32mI (123) esp_image: segment 1: paddr=0001b818 vaddr=3ff80063 size=00008h (     8) [0m
[0;32mI (123) esp_image: segment 2: paddr=0001b828 vaddr=3ffb0000 size=02228h (  8744) load[0m
[0;32mI (132) esp_image: segment 3: paddr=0001da58 vaddr=40080000 size=025c0h (  9664) load[0m
[0;32mI (141) esp_image: segment 4: paddr=00020020 vaddr=400d0020 size=19fcch (106444) map[0m
[0;32mI (184) esp_image: segment 5: paddr=00039ff4 vaddr=400825c0 size=0b320h ( 45856) load[0m
[0;32mI (203) esp_image: segment 6: paddr=0004531c vaddr=400c0000 size=00064h (   100) [0m
[0;32mI (204) esp_image: segment 7: paddr=00045388 vaddr=50000000 size=00010h (    16) [0m
[0;32mI (215) boot: Loaded app from partition at offset 0x10000[0m
[0;32mI (215) boot: Disabling RNG early entropy source...[0m
[0;32mI (231) cpu_start: Multicore app[0m
[0;32mI (231) cpu_start: Pro cpu up.[0m
[0;32mI (232) cpu_start: Starting app cpu, entry point is 0x400811c4[0m
[0;32mI (0) cpu_start: App cpu up.[0m
[0;32mI (249) cpu_start: Pro cpu start user code[0m
[0;32mI (249) cpu_start: cpu freq: 160000000 Hz[0m
[0;32mI (250) cpu_start: Application information:[0m
[0;32mI (254) cpu_start: Project name:     low-power-dashboard[0m
[0;32mI (260) cpu_start: App version:      b1c41bd-dirty[0m
[0;32mI (266) cpu_start: Compile time:     Jan 10 2024 17:59:23[0m
[0;32mI (272) cpu_start: ELF file SHA256:  2ffae2d43...[0m
[0;32mI (277) cpu_start: ESP-IDF:          v5.2-dev-3065-g272b4091f1[0m
[0;32mI (284) cpu_start: Min chip rev:     v0.0[0m
[0;32mI (288) cpu_start: Max chip rev:     v3.99 [0m
[0;32mI (293) cpu_start: Chip rev:         v3.1[0m
[0;32mI (298) heap_init: Initializing. RAM available for dynamic allocation:[0m
[0;32mI (305) heap_init: At 3FFAE6E0 len 00001920 (6 KiB): DRAM[0m
[0;32mI (311) heap_init: At 3FFB2CB0 len 0002D350 (180 KiB): DRAM[0m
[0;32mI (317) heap_init: At 3FFE0440 len 00003AE0 (14 KiB): D/IRAM[0m
[0;32mI (324) heap_init: At 3FFE4350 len 0001BCB0 (111 KiB): D/IRAM[0m
[0;32mI (330) heap_init: At 4008D8E0 len 00012720 (73 KiB): IRAM[0m
[0;32mI (338) spi_flash: detected chip: gd[0m
[0;32mI (341) spi_flash: flash io: dio[0m
[0;33mW (344) spi_flash: Detected size(8192k) larger than the size in the binary image header(2048k). Using the size in the binary image header.[0m
[0;33mW (358) ADC: legacy driver is deprecated, please migrate to `esp_adc/adc_oneshot.h`[0m
[0;32mI (366) app_start: Starting scheduler on CPU0[0m
[0;32mI (371) app_start: Starting scheduler on CPU1[0m
[0;32mI (371) main_task: Started on CPU0[0m
[0;32mI (381) main_task: Calling app_main()[0m
Ini NVS: 0
Load data: 0
WIFI SSID:ssid
 PASS:pass TIME:10
Save to NVS: 0
Enabling timer wakeup, 10s
Enabling EXT1 wakeup on pins GPIO33
Entering deep sleep
ets Jul 29 2019 12:21:46

rst:0x5 (DEEPSLEEP_RESET),boot:0x13 (SPI_FAST_FLASH_BOOT)
configsip: 0, SPIWP:0xee
clk_drv:0x00,q_drv:0x00,d_drv:0x00,cs0_drv:0x00,hd_drv:0x00,wp_drv:0x00
mode:DIO, clock div:2
load:0x3fff0030,len:7140
load:0x40078000,len:15780
load:0x40080400,len:4
ho 8 tail 4 room 4
load:0x40080404,len:3884
entry 0x40080650
[0;32mI (31) boot: ESP-IDF v5.2-dev-3065-g272b4091f1 2nd stage bootloader[0m
[0;32mI (31) boot: compile time Oct  4 2023 21:11:25[0m
[0;32mI (33) boot: Multicore bootloader[0m
[0;32mI (37) boot: chip revision: v3.1[0m
[0;32mI (41) boot.esp32: SPI Speed      : 40MHz[0m
[0;32mI (46) boot.esp32: SPI Mode       : DIO[0m
[0;32mI (50) boot.esp32: SPI Flash Size : 2MB[0m
[0;32mI (55) boot: Enabling RNG early entropy source...[0m
[0;32mI (60) boot: Partition Table:[0m
[0;32mI (64) boot: ## Label            Usage          Type ST Offset   Length[0m
[0;32mI (71) boot:  0 nvs              WiFi data        01 02 00009000 00006000[0m
[0;32mI (78) boot:  1 phy_init         RF data          01 01 0000f000 00001000[0m
[0;32mI (86) boot:  2 factory          factory app      00 00 00010000 00100000[0m
[0;32mI (93) boot: End of partition table[0m
[0;32mI (98) esp_image: segment 0: paddr=00010020 vaddr=3f400020 size=0b7f0h ( 47088) map[0m
[0;32mI (123) esp_image: segment 1: paddr=0001b818 vaddr=3ff80063 size=00008h (     8) [0m
[0;32mI (123) esp_image: segment 2: paddr=0001b828 vaddr=3ffb0000 size=02228h (  8744) load[0m
[0;32mI (132) esp_image: segment 3: paddr=0001da58 vaddr=40080000 size=025c0h (  9664) load[0m
[0;32mI (141) esp_image: segment 4: paddr=00020020 vaddr=400d0020 size=19fcch (106444) map[0m
[0;32mI (184) esp_image: segment 5: paddr=00039ff4 vaddr=400825c0 size=0b320h ( 45856) load[0m
[0;32mI (203) esp_image: segment 6: paddr=0004531c vaddr=400c0000 size=00064h (   100) [0m
[0;32mI (204) esp_image: segment 7: paddr=00045388 vaddr=50000000 size=00010h (    16) [0m
[0;32mI (215) boot: Loaded app from partition at offset 0x10000[0m
[0;32mI (215) boot: Disabling RNG early entropy source...[0m
[0;32mI (231) cpu_start: Multicore app[0m
[0;32mI (231) cpu_start: Pro cpu up.[0m
[0;32mI (232) cpu_start: Starting app cpu, entry point is 0x400811c4[0m
[0;32mI (0) cpu_start: App cpu up.[0m
[0;32mI (249) cpu_start: Pro cpu start user code[0m
[0;32mI (249) cpu_start: cpu freq: 160000000 Hz[0m
[0;32mI (250) cpu_start: Application information:[0m
[0;32mI (254) cpu_start: Project name:     low-power-dashboard[0m
[0;32mI (260) cpu_start: App version:      b1c41bd-dirty[0m
[0;32mI (266) cpu_start: Compile time:     Jan 10 2024 17:59:23[0m
[0;32mI (272) cpu_start: ELF file SHA256:  2ffae2d43...[0m
[0;32mI (277) cpu_start: ESP-IDF:          v5.2-dev-3065-g272b4091f1[0m
[0;32mI (284) cpu_start: Min chip rev:     v0.0[0m
[0;32mI (288) cpu_start: Max chip rev:     v3.99 [0m
[0;32mI (293) cpu_start: Chip rev:         v3.1[0m
[0;32mI (298) heap_init: Initializing. RAM available for dynamic allocation:[0m
[0;32mI (305) heap_init: At 3FFAE6E0 len 00001920 (6 KiB): DRAM[0m
[0;32mI (311) heap_init: At 3FFB2CB0 len 0002D350 (180 KiB): DRAM[0m
[0;32mI (317) heap_init: At 3FFE0440 len 00003AE0 (14 KiB): D/IRAM[0m
[0;32mI (324) heap_init: At 3FFE4350 len 0001BCB0 (111 KiB): D/IRAM[0m
[0;32mI (330) heap_init: At 4008D8E0 len 00012720 (73 KiB): IRAM[0m
[0;32mI (338) spi_flash: detected chip: gd[0m
[0;32mI (341) spi_flash: flash io: dio[0m
[0;33mW (344) spi_flash: Detected size(8192k) larger than the size in the binary image header(2048k). Using the size in the binary image header.[0m
[0;33mW (358) ADC: legacy driver is deprecated, please migrate to `esp_adc/adc_oneshot.h`[0m
[0;32mI (366) app_start: Starting scheduler on CPU0[0m
[0;32mI (371) app_start: Starting scheduler on CPU1[0m
[0;32mI (371) main_task: Started on CPU0[0m
[0;32mI (381) main_task: Calling app_main()[0m
Ini NVS: 0
Load data: 0
WIFI SSID:ssid
 PASS:pass TIME:10
Save to NVS: 0
Enabling timer wakeup, 10s
Enabling EXT1 wakeup on pins GPIO33
Entering deep sleep
ets Jul 29 2019 12:21:46

rst:0x5 (DEEPSLEEP_RESET),boot:0x13 (SPI_FAST_FLASH_BOOT)
configsip: 0, SPIWP:0xee
clk_drv:0x00,q_drv:0x00,d_drv:0x00,cs0_drv:0x00,hd_drv:0x00,wp_drv:0x00
mode:DIO, clock div:2
load:0x3fff0030,len:7140
load:0x40078000,len:15780
load:0x40080400,len:4
ho 8 tail 4 room 4
load:0x40080404,len:3884
entry 0x40080650
[0;32mI (31) boot: ESP-IDF v5.2-dev-3065-g272b4091f1 2nd stage bootloader[0m
[0;32mI (31) boot: compile time Oct  4 2023 21:11:25[0m
[0;32mI (33) boot: Multicore bootloader[0m
[0;32mI (37) boot: chip revision: v3.1[0m
[0;32mI (41) boot.esp32: SPI Speed      : 40MHz[0m
[0;32mI (46) boot.esp32: SPI Mode       : DIO[0m
[0;32mI (50) boot.esp32: SPI Flash Size : 2MB[0m
[0;32mI (55) boot: Enabling RNG early entropy source...[0m
[0;32mI (60) boot: Partition Table:[0m
[0;32mI (64) boot: ## Label            Usage          Type ST Offset   Length[0m
[0;32mI (71) boot:  0 nvs              WiFi data        01 02 00009000 00006000[0m
[0;32mI (78) boot:  1 phy_init         RF data          01 01 0000f000 00001000[0m
[0;32mI (86) boot:  2 factory          factory app      00 00 00010000 00100000[0m
[0;32mI (93) boot: End of partition table[0m
[0;32mI (98) esp_image: segment 0: paddr=00010020 vaddr=3f400020 size=0b7f0h ( 47088) map[0m
[0;32mI (123) esp_image: segment 1: paddr=0001b818 vaddr=3ff80063 size=00008h (     8) [0m
[0;32mI (123) esp_image: segment 2: paddr=0001b828 vaddr=3ffb0000 size=02228h (  8744) load[0m
[0;32mI (132) esp_image: segment 3: paddr=0001da58 vaddr=40080000 size=025c0h (  9664) load[0m
[0;32mI (141) esp_image: segment 4: paddr=00020020 vaddr=400d0020 size=19fcch (106444) map[0m
[0;32mI (184) esp_image: segment 5: paddr=00039ff4 vaddr=400825c0 size=0b320h ( 45856) load[0m
[0;32mI (203) esp_image: segment 6: paddr=0004531c vaddr=400c0000 size=00064h (   100) [0m
[0;32mI (204) esp_image: segment 7: paddr=00045388 vaddr=50000000 size=00010h (    16) [0m
[0;32mI (215) boot: Loaded app from partition at offset 0x10000[0m
[0;32mI (215) boot: Disabling RNG early entropy source...[0m
[0;32mI (231) cpu_start: Multicore app[0m
[0;32mI (231) cpu_start: Pro cpu up.[0m
[0;32mI (232) cpu_start: Starting app cpu, entry point is 0x400811c4[0m
[0;32mI (0) cpu_start: App cpu up.[0m
[0;32mI (249) cpu_start: Pro cpu start user code[0m
[0;32mI (249) cpu_start: cpu freq: 160000000 Hz[0m
[0;32mI (250) cpu_start: Application information:[0m
[0;32mI (254) cpu_start: Project name:     low-power-dashboard[0m
[0;32mI (260) cpu_start: App version:      b1c41bd-dirty[0m
[0;32mI (266) cpu_start: Compile time:     Jan 10 2024 17:59:23[0m
[0;32mI (272) cpu_start: ELF file SHA256:  2ffae2d43...[0m
[0;32mI (277) cpu_start: ESP-IDF:          v5.2-dev-3065-g272b4091f1[0m
[0;32mI (284) cpu_start: Min chip rev:     v0.0[0m
[0;32mI (288) cpu_start: Max chip rev:     v3.99 [0m
[0;32mI (293) cpu_start: Chip rev:         v3.1[0m
[0;32mI (298) heap_init: Initializing. RAM available for dynamic allocation:[0m
[0;32mI (305) heap_init: At 3FFAE6E0 len 00001920 (6 KiB): DRAM[0m
[0;32mI (311) heap_init: At 3FFB2CB0 len 0002D350 (180 KiB): DRAM[0m
[0;32mI (317) heap_init: At 3FFE0440 len 00003AE0 (14 KiB): D/IRAM[0m
[0;32mI (324) heap_init: At 3FFE4350 len 0001BCB0 (111 KiB): D/IRAM[0m
[0;32mI (330) heap_init: At 4008D8E0 len 00012720 (73 KiB): IRAM[0m
[0;32mI (338) spi_flash: detected chip: gd[0m
[0;32mI (341) spi_flash: flash io: dio[0m
[0;33mW (344) spi_flash: Detected size(8192k) larger than the size in the binary image header(2048k). Using the size in the binary image header.[0m
[0;33mW (358) ADC: legacy driver is deprecated, please migrate to `esp_adc/adc_oneshot.h`[0m
[0;32mI (366) app_start: Starting scheduler on CPU0[0m
[0;32mI (371) app_start: Starting scheduler on CPU1[0m
[0;32mI (371) main_task: Started on CPU0[0m
[0;32mI (381) main_task: Calling app_main()[0m
Ini NVS: 0
Load data: 0
WIFI SSID:ssid
 PASS:pass TIME:10
Save to NVS: 0
Enabling timer wakeup, 10s
Enabling EXT1 wakeup on pins GPIO33
