ets Jul 29 2019 12:21:46

rst:0x1 (POWERON_RESET),boot:0x13 (SPI_FAST_FLASH_BOOT)
configsip: 0, SPIWP:0xee
clk_drv:0x00,q_drv:0x00,d_drv:0x00,cs0_drv:0x00,hd_drv:0x00,wp_drv:0x00
mode:DIO, clock div:2
load:0x3fff0030,len:7140
load:0x40078000,len:15780
load:0x40080400,len:4
ho 8 tail 4 room 4
load:0x40080404,len:3884
entry 0x40080650
[0;32mI (31) boot: ESP-IDF v5.2-dev-3065-g272b4091f1 2nd stage bootloader[0m
[0;32mI (31) boot: compile time Mar 19 2024 19:47:19[0m
[0;32mI (33) boot: Multicore bootloader[0m
[0;32mI (37) boot: chip revision: v3.1[0m
[0;32mI (41) boot.esp32: SPI Speed      : 40MHz[0m
[0;32mI (45) boot.esp32: SPI Mode       : DIO[0m
[0;32mI (50) boot.esp32: SPI Flash Size : 8MB[0m
[0;32mI (54) boot: Enabling RNG early entropy source...[0m
[0;32mI (60) boot: Partition Table:[0m
[0;32mI (63) boot: ## Label            Usage          Type ST Offset   Length[0m
[0;32mI (71) boot:  0 nvs              WiFi data        01 02 00009000 00006000[0m
[0;32mI (78) boot:  1 phy_init         RF data          01 01 0000f000 00001000[0m
[0;32mI (86) boot:  2 factory          factory app      00 00 00010000 00177000[0m
[0;32mI (93) boot: End of partition table[0m
[0;32mI (97) esp_image: segment 0: paddr=00010020 vaddr=3f400020 size=3a004h (237572) map[0m
[0;32mI (155) esp_image: segment 1: paddr=0004a02c vaddr=3ff80063 size=00008h (     8) load[0m
[0;32mI (155) esp_image: segment 2: paddr=0004a03c vaddr=3ffb0000 size=0486ch ( 18540) load[0m
[0;32mI (165) esp_image: segment 3: paddr=0004e8b0 vaddr=40080000 size=01768h (  5992) load[0m
[0;32mI (171) esp_image: segment 4: paddr=00050020 vaddr=400d0020 size=ace30h (708144) map[0m
[0;32mI (323) esp_image: segment 5: paddr=000fce58 vaddr=40081768 size=16508h ( 91400) load[0m
[0;32mI (347) esp_image: segment 6: paddr=00113368 vaddr=400c0000 size=00064h (   100) load[0m
[0;32mI (360) boot: Loaded app from partition at offset 0x10000[0m
[0;32mI (360) boot: Disabling RNG early entropy source...[0m
[0;32mI (371) cpu_start: Multicore app[0m
[0;32mI (372) cpu_start: Pro cpu up.[0m
[0;32mI (372) cpu_start: Starting app cpu, entry point is 0x40081460[0m
[0;32mI (0) cpu_start: App cpu up.[0m
[0;32mI (390) cpu_start: Pro cpu start user code[0m
[0;32mI (390) cpu_start: cpu freq: 160000000 Hz[0m
[0;32mI (390) cpu_start: Application information:[0m
[0;32mI (394) cpu_start: Project name:     low-power-dashboard[0m
[0;32mI (400) cpu_start: App version:      a8b787d-dirty[0m
[0;32mI (406) cpu_start: Compile time:     Mar 19 2024 19:47:19[0m
[0;32mI (412) cpu_start: ELF file SHA256:  f0aa5cb0f...[0m
[0;32mI (417) cpu_start: ESP-IDF:          v5.2-dev-3065-g272b4091f1[0m
[0;32mI (424) cpu_start: Min chip rev:     v0.0[0m
[0;32mI (429) cpu_start: Max chip rev:     v3.99 [0m
[0;32mI (433) cpu_start: Chip rev:         v3.1[0m
[0;32mI (438) heap_init: Initializing. RAM available for dynamic allocation:[0m
[0;32mI (446) heap_init: At 3FFAE6E0 len 00001920 (6 KiB): DRAM[0m
[0;32mI (451) heap_init: At 3FFB9650 len 000269B0 (154 KiB): DRAM[0m
[0;32mI (458) heap_init: At 3FFE0440 len 00003AE0 (14 KiB): D/IRAM[0m
[0;32mI (464) heap_init: At 3FFE4350 len 0001BCB0 (111 KiB): D/IRAM[0m
[0;32mI (470) heap_init: At 40097C70 len 00008390 (32 KiB): IRAM[0m
[0;32mI (478) spi_flash: detected chip: gd[0m
[0;32mI (481) spi_flash: flash io: dio[0m
[0;33mW (485) ADC: legacy driver is deprecated, please migrate to `esp_adc/adc_oneshot.h`[0m
[0;32mI (494) app_start: Starting scheduler on CPU0[0m
[0;32mI (498) app_start: Starting scheduler on CPU1[0m
[0;32mI (498) main_task: Started on CPU0[0m
[0;32mI (508) main_task: Calling app_main()[0m
Ini NVS: 0
Load data: 0
WIFI SSID:Galaxy
 PASS:123456789 TIME:10
Not a deep sleep reset
ESP_WIFI_MODE_STA
I (588) wifi:wifi driver task: 3ffc4df8, prio:23, stack:6656, core=0
I (608) wifi:wifi firmware version: cb43ccc
I (608) wifi:wifi certification version: v7.0
I (608) wifi:config NVS flash: enabled
I (608) wifi:config nano formating: disabled
I (618) wifi:Init data frame dynamic rx buffer num: 32
I (618) wifi:Init static rx mgmt buffer num: 5
I (628) wifi:Init management short buffer num: 32
I (628) wifi:Init dynamic tx buffer num: 32
I (628) wifi:Init static rx buffer size: 1600
I (638) wifi:Init static rx buffer num: 10
I (638) wifi:Init dynamic rx buffer num: 32
[0;32mI (648) wifi_init: rx ba win: 6[0m
[0;32mI (648) wifi_init: tcpip mbox: 32[0m
[0;32mI (648) wifi_init: udp mbox: 6[0m
[0;32mI (658) wifi_init: tcp mbox: 6[0m
[0;32mI (658) wifi_init: tcp tx win: 5744[0m
[0;32mI (658) wifi_init: tcp rx win: 5744[0m
[0;32mI (668) wifi_init: tcp mss: 1440[0m
[0;32mI (668) wifi_init: WiFi IRAM OP enabled[0m
[0;32mI (678) wifi_init: WiFi RX IRAM OP enabled[0m
[0;32mI (688) phy_init: phy_version 4771,450c73b,Aug 16 2023,11:03:10[0m
I (768) wifi:mode : sta (d4:8a:fc:9a:2e:90)
I (768) wifi:enable tsf
[0;32mI (768) wifi station: wifi_init_sta finished.[0m
I (788) wifi:new:<11,0>, old:<1,0>, ap:<255,255>, sta:<11,0>, prof:1
I (788) wifi:state: init -> auth (b0)
I (788) wifi:state: auth -> assoc (0)
I (798) wifi:state: assoc -> run (10)
I (838) wifi:connected with Galaxy, aid = 10, channel 11, BW20, bssid = 96:33:67:ac:1c:a6
I (848) wifi:security: WPA2-PSK, phy: bgn, rssi: -35
I (848) wifi:pm start, type: 1

I (898) wifi:AP's beacon interval = 102400 us, DTIM period = 2
[0;32mI (1858) esp_netif_handlers: sta ip: 192.168.110.178, mask: 255.255.255.0, gw: 192.168.110.90[0m
[0;32mI (1858) wifi station: got ip:192.168.110.178[0m
[0;32mI (1858) wifi station: connected to ap SSID:Galaxy password:123456789[0m
grant_type=client_credentials&client_id=7q7eo84rddr67i3a6mjf7t9cr&client_secret=qs77l0qstbhra2eod12p4afmrhec250pk3s9hmio87duku5mqf1
I (2128) wifi:<ba-add>idx:0 (ifx:0, 96:33:67:ac:1c:a6), tid:0, ssn:3, winSize:64
[0;32mI (2648) esp-x509-crt-bundle: Certificate validated[0m
HTTP_EVENT_ON_DATA-kompletni-data
Prijata data: {"access_token":"eyJraWQiOiJpNk13blRmZXhFYW5TOThLTlZDVzdTNlJ4XC9ZTnVYaEIwTUswSUs0VEZ3VT0iLCJhbGciOiJSUzI1NiJ9.eyJzdWIiOiI3cTdlbzg0cmRkcjY3aTNhNm1qZjd0OWNyIiwidG9rZW5fdXNlIjoiYWNjZXNzIiwic2NvcGUiOiJpdGVtcC5sb2dpbWljLm9ubGluZVwvYXBpLmFsbCIsImF1dGhfdGltZSI6MTcxMDg3NDMxMywiaXNzIjoiaHR0cHM6XC9cL2NvZ25pdG8taWRwLnVzLWVhc3QtMS5hbWF6b25hd3MuY29tXC91cy1lYXN0LTFfYTFscWZ2WDdtIiwiZXhwIjoxNzEwOTYwNzEzLCJpYXQiOjE3MTA4NzQzMTMsInZlcnNpb24iOjIsImp0aSI6ImYzYzQ4Y2VjLTk2OTgtNGU4Zi1iNTE0LWQ0MWM1MGI0ZDI0NCIsImNsaWVudF9pZCI6IjdxN2VvODRyZGRyNjdpM2E2bWpmN3Q5Y3IifQ.JSgo1u153pBvYNVH96B_GKjzxpdV3qDqITrnZRSwqNJJQlRumJDPGOButcsAzGg8Bvb2gKHgJDuaBpFqupMPH_kXr81btoVUqw7I0M9sQZeT-j8egfrUnG2GpooJuUwknu-fEkep5KCREGS58pe3TNoclHDp1JT91in6zxp-7kUDpsehtAtLprXo55eE43ZpCBmNN2AeyFroJgRVAI5-BlSVPUHX6akXyWpIizrFOuYNBE7Qusalg_LRcFR5MOR94E8KK3ivcJ89_tZkpik2rj75SyAfqB1ppc4vPg_Tnx2Xs_uh_9RgbPaashXLNDwqtxBWa8G8IzIOo1EWojHV0g","expires_in":86400,"token_type":"Bearer"}
parse: {"access_token":"eyJraWQiOiJpNk13blRmZXhFYW5TOThLTlZDVzdTNlJ4XC9ZTnVYaEIwTUswSUs0VEZ3VT0iLCJhbGciOiJSUzI1NiJ9.eyJzdWIiOiI3cTdlbzg0cmRkcjY3aTNhNm1qZjd0OWNyIiwidG9rZW5fdXNlIjoiYWNjZXNzIiwic2NvcGUiOiJpdGVtcC5sb2dpbWljLm9ubGluZVwvYXBpLmFsbCIsImF1dGhfdGltZSI6MTcxMDg3NDMxMywiaXNzIjoiaHR0cHM6XC9cL2NvZ25pdG8taWRwLnVzLWVhc3QtMS5hbWF6b25hd3MuY29tXC91cy1lYXN0LTFfYTFscWZ2WDdtIiwiZXhwIjoxNzEwOTYwNzEzLCJpYXQiOjE3MTA4NzQzMTMsInZlcnNpb24iOjIsImp0aSI6ImYzYzQ4Y2VjLTk2OTgtNGU4Zi1iNTE0LWQ0MWM1MGI0ZDI0NCIsImNsaWVudF9pZCI6IjdxN2VvODRyZGRyNjdpM2E2bWpmN3Q5Y3IifQ.JSgo1u153pBvYNVH96B_GKjzxpdV3qDqITrnZRSwqNJJQlRumJDPGOButcsAzGg8Bvb2gKHgJDuaBpFqupMPH_kXr81btoVUqw7I0M9sQZeT-j8egfrUnG2GpooJuUwknu-fEkep5KCREGS58pe3TNoclHDp1JT91in6zxp-7kUDpsehtAtLprXo55eE43ZpCBmNN2AeyFroJgRVAI5-BlSVPUHX6akXyWpIizrFOuYNBE7Qusalg_LRcFR5MOR94E8KK3ivcJ89_tZkpik2rj75SyAfqB1ppc4vPg_Tnx2Xs_uh_9RgbPaashXLNDwqtxBWa8G8IzIOo1EWojHV0g"
parse: "expires_in":86400
parse: "token_type":"Bearer"}Mï¿½ï¿½ï¿½~ï¿½}QÍ“ï¿½ï¿½ï¿½
[0;32mI (4688) esp-x509-crt-bundle: Certificate validated[0m
HTTP_EVENT_ON_DATA-kompletni-data
Prijata data: true
parse: truedï¿½ï¿½?ï¿½
Before update NV = 19.03.2024 19:51
[0;32mI (5828) wifi station: Time is not set yet. Connecting to WiFi and getting time over NTP.[0m
[0;32mI (5828) wifi station: Initializing SNTP[0m
[0;32mI (5838) wifi station: Waiting for system time to be set... (1/5)[0m
[0;32mI (6838) wifi station: Waiting for system time to be set... (2/5)[0m
